******************************************************************************
               TMS320C6x Linker PC v7.4.14                     
******************************************************************************
>> Linked Wed Apr 04 10:52:26 2018

OUTPUT FILE NAME:   <lab1_problem1.out>
ENTRY POINT SYMBOL: "_c_int00"  address: 11801580


MEMORY CONFIGURATION

         name            origin    length      used     unused   attr    fill
----------------------  --------  ---------  --------  --------  ----  --------
  VECTORS               11800000   00000200  00000200  00000000  RWIX
  DSPRAM                11800200   0003fe00  000019e8  0003e418  RWIX
  SHAREDRAM             80000000   00020000  00000000  00020000  RWIX
  SDRAM                 c0000000   08000000  00000000  08000000  RWIX


SECTION ALLOCATION MAP

 output                                  attributes/
section   page    origin      length       input sections
--------  ----  ----------  ----------   ----------------
vectors    0    11800000    00000200     
                  11800000    00000200     vectors.obj (vectors)

.text      0    11800200    00001500     
                  11800200    00000dc0     LCDK_Support_DSP.obj (.text)
                  11800fc0    00000240     ISRs.obj (.text:retain)
                  11801200    000000c0     rts6740.lib : autoinit.obj (.text:__auto_init)
                  118012c0    000000c0                 : divu.obj (.text:__divu)
                  11801380    000000c0                 : exit.obj (.text:_exit)
                  11801440    000000a0                 : cpy_tbl.obj (.text:_copy_in)
                  118014e0    000000a0                 : memcpy64.obj (.text:_memcpy)
                  11801580    00000080                 : boot.obj (.text:_c_int00)
                  11801600    00000060                 : cpp_init.obj (.text:___TI_cpp_init)
                  11801660    00000040                 : args_main.obj (.text:__args_main)
                  118016a0    00000020     StartUp.obj (.text)
                  118016c0    00000020     rts6740.lib : exit.obj (.text:_abort)
                  118016e0    00000020     main.obj (.text)

.stack     0    11801700    00000400     UNINITIALIZED
                  11801700    00000008     rts6740.lib : boot.obj (.stack)
                  11801708    000003f8     --HOLE--

.cinit     0    11801b00    00000094     
                  11801b00    0000003c     ISRs.obj (.cinit)
                  11801b3c    00000004     --HOLE-- [fill = 0]
                  11801b40    0000002c     rts6740.lib : exit.obj (.cinit)
                  11801b6c    00000004     --HOLE-- [fill = 0]
                  11801b70    0000000c     LCDK_Support_DSP.obj (.cinit)
                  11801b7c    00000004     --HOLE-- [fill = 0]
                  11801b80    0000000c     main.obj (.cinit)
                  11801b8c    00000004     --HOLE-- [fill = 0]
                  11801b90    00000004     (.pad.cinit) [fill = 0]

.far       0    11801b98    00000028     UNINITIALIZED
                  11801b98    0000001c     ISRs.obj (.far)
                  11801bb4    0000000c     rts6740.lib : exit.obj (.far)

.switch    0    11801bc0    00000018     
                  11801bc0    00000018     LCDK_Support_DSP.obj (.switch:_SetSampleRate_AIC3106)

.bss       0    11801bd8    00000014     UNINITIALIZED
                  11801bd8    00000008     ISRs.obj (.bss)
                  11801be0    00000008     main.obj (.bss)
                  11801be8    00000004     LCDK_Support_DSP.obj (.bss)


GLOBAL SYMBOLS: SORTED ALPHABETICALLY BY Name 

address    name
--------   ----
11801bd8   $bss
11801bd8   .bss
11800200   .text
118016c0   C$$EXIT
118008ec   _AIC3106_write_reg
11800674   _CheckForOverrun
11801b98   _CodecDataIn
11801b9c   _CodecDataOut
11800fc0   _Codec_ISR
11800208   _DSP_Init
11800228   _DSP_Init_EDMA
1180040c   _EnableInterrupts
11800458   _EnableInterrupts_EDMA
11801be4   _GUI_out
11800200   _GetSampleFreq
118003a4   _InitDigitalOutputs
11800248   _InitLEDs
118006a4   _Init_AIC3106
118004cc   _Init_I2C
118003c8   _Init_Interrupts
11800448   _Init_Interrupts_EDMA
11800a98   _Init_McASP0
11800e28   _Init_UART2
11800f68   _IsDataReady_UART2
11800f8c   _IsTxReady_UART2
11800f08   _Puts_UART2
1180062c   _ReadCodecData
1180038c   _ReadSwitches
11800f48   _Read_UART2
11800928   _Reset_AIC3106
11800528   _Reset_I2C
11800950   _SetSampleRate_AIC3106
118016a0   _StartUp
11800650   _WriteCodecData
118003b0   _WriteDigitalOutputs
118002a8   _WriteLEDs
11800548   _Write_I2C
11800ee0   _Write_UART2
11801b00   __STACK_END
00000400   __STACK_SIZE
00000001   __TI_args_main
11801600   ___TI_cpp_init
11801bbc   ___TI_enable_exit_profile_output
ffffffff   ___TI_pprof_out_hndl
ffffffff   ___TI_prof_data_size
ffffffff   ___TI_prof_data_start
ffffffff   ___binit__
11801bd8   ___bss__
ffffffff   ___c_args__
11801b00   ___cinit__
11801bec   ___end__
11801700   ___etext__
ffffffff   ___pinit__
11800200   ___text__
11801660   __args_main
11801200   __auto_init
118012c0   __c6xabi_divu
11801bb4   __cleanup_ptr
118012c0   __divu
11801bb8   __dtors_ptr
11801700   __stack
118016c0   _abort
11801580   _c_int00
11801440   _copy_in
11801380   _exit
11801bdc   _ii
118016e0   _main
118014e0   _memcpy
11801ba0   _sinewave
11801bd8   _volume
11801be0   _volume_gui
11800498   _wait
ffffffff   binit
11801b00   cinit
11801bec   end
11801700   etext
ffffffff   pinit


GLOBAL SYMBOLS: SORTED BY Symbol Address 

address    name
--------   ----
00000001   __TI_args_main
00000400   __STACK_SIZE
11800200   .text
11800200   _GetSampleFreq
11800200   ___text__
11800208   _DSP_Init
11800228   _DSP_Init_EDMA
11800248   _InitLEDs
118002a8   _WriteLEDs
1180038c   _ReadSwitches
118003a4   _InitDigitalOutputs
118003b0   _WriteDigitalOutputs
118003c8   _Init_Interrupts
1180040c   _EnableInterrupts
11800448   _Init_Interrupts_EDMA
11800458   _EnableInterrupts_EDMA
11800498   _wait
118004cc   _Init_I2C
11800528   _Reset_I2C
11800548   _Write_I2C
1180062c   _ReadCodecData
11800650   _WriteCodecData
11800674   _CheckForOverrun
118006a4   _Init_AIC3106
118008ec   _AIC3106_write_reg
11800928   _Reset_AIC3106
11800950   _SetSampleRate_AIC3106
11800a98   _Init_McASP0
11800e28   _Init_UART2
11800ee0   _Write_UART2
11800f08   _Puts_UART2
11800f48   _Read_UART2
11800f68   _IsDataReady_UART2
11800f8c   _IsTxReady_UART2
11800fc0   _Codec_ISR
11801200   __auto_init
118012c0   __c6xabi_divu
118012c0   __divu
11801380   _exit
11801440   _copy_in
118014e0   _memcpy
11801580   _c_int00
11801600   ___TI_cpp_init
11801660   __args_main
118016a0   _StartUp
118016c0   C$$EXIT
118016c0   _abort
118016e0   _main
11801700   ___etext__
11801700   __stack
11801700   etext
11801b00   __STACK_END
11801b00   ___cinit__
11801b00   cinit
11801b98   _CodecDataIn
11801b9c   _CodecDataOut
11801ba0   _sinewave
11801bb4   __cleanup_ptr
11801bb8   __dtors_ptr
11801bbc   ___TI_enable_exit_profile_output
11801bd8   $bss
11801bd8   .bss
11801bd8   ___bss__
11801bd8   _volume
11801bdc   _ii
11801be0   _volume_gui
11801be4   _GUI_out
11801bec   ___end__
11801bec   end
ffffffff   ___TI_pprof_out_hndl
ffffffff   ___TI_prof_data_size
ffffffff   ___TI_prof_data_start
ffffffff   ___binit__
ffffffff   ___c_args__
ffffffff   ___pinit__
ffffffff   binit
ffffffff   pinit

[77 symbols]
