******************************************************************************
               TMS320C6x Linker Unix v7.4.16                   
******************************************************************************
>> Linked Sat Mar 31 00:06:24 2018

OUTPUT FILE NAME:   <lab1_problem4.out>
ENTRY POINT SYMBOL: "_c_int00"  address: 11801c60


MEMORY CONFIGURATION

         name            origin    length      used     unused   attr    fill
----------------------  --------  ---------  --------  --------  ----  --------
  VECTORS               11800000   00000200  00000200  00000000  RWIX
  DSPRAM                11800200   0003fe00  000023b8  0003da48  RWIX
  SHAREDRAM             80000000   00020000  00000000  00020000  RWIX
  SDRAM                 c0000000   08000000  00000000  08000000  RWIX


SECTION ALLOCATION MAP

 output                                  attributes/
section   page    origin      length       input sections
--------  ----  ----------  ----------   ----------------
vectors    0    11800000    00000200     
                  11800000    00000200     vectors.obj (vectors)

.text      0    11800200    00001cc0     
                  11800200    00000dc0     LCDK_Support_DSP.obj (.text)
                  11800fc0    000003e0     ISRs.obj (.text:retain)
                  118013a0    00000280     rts6740.lib : divf.obj (.text:__divf)
                  11801620    00000240                 : sinf.obj (.text:_sinf)
                  11801860    000000c0                 : autoinit.obj (.text:__auto_init)
                  11801920    000000c0                 : divu.obj (.text:__divu)
                  118019e0    000000c0                 : exit.obj (.text:_exit)
                  11801aa0    000000a0                 : cpy_tbl.obj (.text:_copy_in)
                  11801b40    000000a0                 : memcpy64.obj (.text:_memcpy)
                  11801be0    00000080                 : roundf.obj (.text:__roundf)
                  11801c60    00000080                 : boot.obj (.text:_c_int00)
                  11801ce0    00000060     ISRs.obj (.text)
                  11801d40    00000060     rts6740.lib : cpp_init.obj (.text:___TI_cpp_init)
                  11801da0    00000060                 : modff.obj (.text:_modff)
                  11801e00    00000040                 : args_main.obj (.text:__args_main)
                  11801e40    00000020     StartUp.obj (.text)
                  11801e60    00000020     rts6740.lib : truncf.obj (.text:__truncf)
                  11801e80    00000020                 : exit.obj (.text:_abort)
                  11801ea0    00000020     main.obj (.text)

.stack     0    11801ec0    00000400     UNINITIALIZED
                  11801ec0    00000008     rts6740.lib : boot.obj (.stack)
                  11801ec8    000003f8     --HOLE--

.far       0    118022c0    000001b4     UNINITIALIZED
                  118022c0    00000198     ISRs.obj (.far)
                  11802458    00000010     rts6740.lib : sinf.obj (.far)
                  11802468    0000000c                 : exit.obj (.far)

.cinit     0    11802478    000000fc     
                  11802478    0000006c     ISRs.obj (.cinit)
                  118024e4    00000004     --HOLE-- [fill = 0]
                  118024e8    0000002c     main.obj (.cinit)
                  11802514    00000004     --HOLE-- [fill = 0]
                  11802518    0000002c     rts6740.lib : exit.obj (.cinit)
                  11802544    00000004     --HOLE-- [fill = 0]
                  11802548    00000018                 : sinf.obj (.cinit)
                  11802560    0000000c     LCDK_Support_DSP.obj (.cinit)
                  1180256c    00000004     --HOLE-- [fill = 0]
                  11802570    00000004     (.pad.cinit) [fill = 0]

.bss       0    11802574    00000030     UNINITIALIZED
                  11802574    0000001c     ISRs.obj (.bss)
                  11802590    00000010     main.obj (.bss)
                  118025a0    00000004     LCDK_Support_DSP.obj (.bss)

.switch    0    118025a4    00000018     
                  118025a4    00000018     LCDK_Support_DSP.obj (.switch:_SetSampleRate_AIC3106)


GLOBAL SYMBOLS: SORTED ALPHABETICALLY BY Name 

address    name
--------   ----
11802574   $bss
11802574   .bss
11800200   .text
11801e80   C$$EXIT
118008ec   _AIC3106_write_reg
11800674   _CheckForOverrun
118022c0   _CodecDataIn
118022c4   _CodecDataOut
11800fc0   _Codec_ISR
11800208   _DSP_Init
11800228   _DSP_Init_EDMA
1180040c   _EnableInterrupts
11800458   _EnableInterrupts_EDMA
11801ce0   _FillSineTable
1180259c   _GUI_out
11800200   _GetSampleFreq
118003a4   _InitDigitalOutputs
11800248   _InitLEDs
118006a4   _Init_AIC3106
118004cc   _Init_I2C
118003c8   _Init_Interrupts
11800448   _Init_Interrupts_EDMA
11800a98   _Init_McASP0
11800e28   _Init_UART2
11800f68   _IsDataReady_UART2
11800f8c   _IsTxReady_UART2
11802574   _Pi
11800f08   _Puts_UART2
1180062c   _ReadCodecData
1180038c   _ReadSwitches
11800f48   _Read_UART2
11800928   _Reset_AIC3106
11800528   _Reset_I2C
11800950   _SetSampleRate_AIC3106
118022c8   _SineTable
11801e40   _StartUp
11800650   _WriteCodecData
118003b0   _WriteDigitalOutputs
118002a8   _WriteLEDs
11800548   _Write_I2C
11800ee0   _Write_UART2
118022c0   __STACK_END
00000400   __STACK_SIZE
00000001   __TI_args_main
11801d40   ___TI_cpp_init
11802470   ___TI_enable_exit_profile_output
ffffffff   ___TI_pprof_out_hndl
ffffffff   ___TI_prof_data_size
ffffffff   ___TI_prof_data_start
ffffffff   ___binit__
11802574   ___bss__
ffffffff   ___c_args__
11802478   ___cinit__
118025a4   ___end__
11801ec0   ___etext__
ffffffff   ___pinit__
11800200   ___text__
11801e00   __args_main
11801860   __auto_init
11801920   __c6xabi_divu
11802468   __cleanup_ptr
118013a0   __divf
11801920   __divu
1180246c   __dtors_ptr
11801be0   __roundf
11801ec0   __stack
11801e60   __truncf
11801e80   _abort
11802590   _alpha
11802594   _beta
11801c60   _c_int00
11801aa0   _copy_in
118019e0   _exit
11802578   _f1
1180257c   _f2
11802580   _f3
11802598   _gamma
11801ea0   _main
11801b40   _memcpy
11801da0   _modff
11801620   _sinf
11800498   _wait
ffffffff   binit
11802478   cinit
118025a4   end
11801ec0   etext
ffffffff   pinit


GLOBAL SYMBOLS: SORTED BY Symbol Address 

address    name
--------   ----
00000001   __TI_args_main
00000400   __STACK_SIZE
11800200   .text
11800200   _GetSampleFreq
11800200   ___text__
11800208   _DSP_Init
11800228   _DSP_Init_EDMA
11800248   _InitLEDs
118002a8   _WriteLEDs
1180038c   _ReadSwitches
118003a4   _InitDigitalOutputs
118003b0   _WriteDigitalOutputs
118003c8   _Init_Interrupts
1180040c   _EnableInterrupts
11800448   _Init_Interrupts_EDMA
11800458   _EnableInterrupts_EDMA
11800498   _wait
118004cc   _Init_I2C
11800528   _Reset_I2C
11800548   _Write_I2C
1180062c   _ReadCodecData
11800650   _WriteCodecData
11800674   _CheckForOverrun
118006a4   _Init_AIC3106
118008ec   _AIC3106_write_reg
11800928   _Reset_AIC3106
11800950   _SetSampleRate_AIC3106
11800a98   _Init_McASP0
11800e28   _Init_UART2
11800ee0   _Write_UART2
11800f08   _Puts_UART2
11800f48   _Read_UART2
11800f68   _IsDataReady_UART2
11800f8c   _IsTxReady_UART2
11800fc0   _Codec_ISR
118013a0   __divf
11801620   _sinf
11801860   __auto_init
11801920   __c6xabi_divu
11801920   __divu
118019e0   _exit
11801aa0   _copy_in
11801b40   _memcpy
11801be0   __roundf
11801c60   _c_int00
11801ce0   _FillSineTable
11801d40   ___TI_cpp_init
11801da0   _modff
11801e00   __args_main
11801e40   _StartUp
11801e60   __truncf
11801e80   C$$EXIT
11801e80   _abort
11801ea0   _main
11801ec0   ___etext__
11801ec0   __stack
11801ec0   etext
118022c0   _CodecDataIn
118022c0   __STACK_END
118022c4   _CodecDataOut
118022c8   _SineTable
11802468   __cleanup_ptr
1180246c   __dtors_ptr
11802470   ___TI_enable_exit_profile_output
11802478   ___cinit__
11802478   cinit
11802574   $bss
11802574   .bss
11802574   _Pi
11802574   ___bss__
11802578   _f1
1180257c   _f2
11802580   _f3
11802590   _alpha
11802594   _beta
11802598   _gamma
1180259c   _GUI_out
118025a4   ___end__
118025a4   end
ffffffff   ___TI_pprof_out_hndl
ffffffff   ___TI_prof_data_size
ffffffff   ___TI_prof_data_start
ffffffff   ___binit__
ffffffff   ___c_args__
ffffffff   ___pinit__
ffffffff   binit
ffffffff   pinit

[87 symbols]
