******************************************************************************
               TMS320C6x Linker PC v7.4.14                     
******************************************************************************
>> Linked Wed Apr 04 11:06:30 2018

OUTPUT FILE NAME:   <lab1_problem4.out>
ENTRY POINT SYMBOL: "_c_int00"  address: 11801c80


MEMORY CONFIGURATION

         name            origin    length      used     unused   attr    fill
----------------------  --------  ---------  --------  --------  ----  --------
  VECTORS               11800000   00000200  00000200  00000000  RWIX
  DSPRAM                11800200   0003fe00  00002884  0003d57c  RWIX
  SHAREDRAM             80000000   00020000  00000000  00020000  RWIX
  SDRAM                 c0000000   08000000  00000000  08000000  RWIX


SECTION ALLOCATION MAP

 output                                  attributes/
section   page    origin      length       input sections
--------  ----  ----------  ----------   ----------------
vectors    0    11800000    00000200     
                  11800000    00000200     vectors.obj (vectors)

.text      0    11800200    00001ce0     
                  11800200    00000dc0     LCDK_Support_DSP.obj (.text)
                  11800fc0    00000400     ISRs.obj (.text:retain)
                  118013c0    00000280     rts6740.lib : divf.obj (.text:__divf)
                  11801640    00000240                 : sinf.obj (.text:_sinf)
                  11801880    000000c0                 : autoinit.obj (.text:__auto_init)
                  11801940    000000c0                 : divu.obj (.text:__divu)
                  11801a00    000000c0                 : exit.obj (.text:_exit)
                  11801ac0    000000a0                 : cpy_tbl.obj (.text:_copy_in)
                  11801b60    000000a0                 : memcpy64.obj (.text:_memcpy)
                  11801c00    00000080                 : roundf.obj (.text:__roundf)
                  11801c80    00000080                 : boot.obj (.text:_c_int00)
                  11801d00    00000060     ISRs.obj (.text)
                  11801d60    00000060     rts6740.lib : cpp_init.obj (.text:___TI_cpp_init)
                  11801dc0    00000060                 : modff.obj (.text:_modff)
                  11801e20    00000040                 : args_main.obj (.text:__args_main)
                  11801e60    00000020     StartUp.obj (.text)
                  11801e80    00000020     rts6740.lib : truncf.obj (.text:__truncf)
                  11801ea0    00000020                 : exit.obj (.text:_abort)
                  11801ec0    00000020     main.obj (.text)

.far       0    11801ee0    00000664     UNINITIALIZED
                  11801ee0    000004b0     main.obj (.far)
                  11802390    00000198     ISRs.obj (.far)
                  11802528    00000010     rts6740.lib : sinf.obj (.far)
                  11802538    0000000c                 : exit.obj (.far)

.stack     0    11802548    00000400     UNINITIALIZED
                  11802548    00000008     rts6740.lib : boot.obj (.stack)
                  11802550    000003f8     --HOLE--

.cinit     0    11802948    000000fc     
                  11802948    0000006c     ISRs.obj (.cinit)
                  118029b4    00000004     --HOLE-- [fill = 0]
                  118029b8    0000002c     main.obj (.cinit)
                  118029e4    00000004     --HOLE-- [fill = 0]
                  118029e8    0000002c     rts6740.lib : exit.obj (.cinit)
                  11802a14    00000004     --HOLE-- [fill = 0]
                  11802a18    00000018                 : sinf.obj (.cinit)
                  11802a30    0000000c     LCDK_Support_DSP.obj (.cinit)
                  11802a3c    00000004     --HOLE-- [fill = 0]
                  11802a40    00000004     (.pad.cinit) [fill = 0]

.bss       0    11802a44    0000002c     UNINITIALIZED
                  11802a44    0000001c     ISRs.obj (.bss)
                  11802a60    0000000c     main.obj (.bss)
                  11802a6c    00000004     LCDK_Support_DSP.obj (.bss)

.switch    0    11802a70    00000018     
                  11802a70    00000018     LCDK_Support_DSP.obj (.switch:_SetSampleRate_AIC3106)


GLOBAL SYMBOLS: SORTED ALPHABETICALLY BY Name 

address    name
--------   ----
11802a44   $bss
11802a44   .bss
11800200   .text
11801ea0   C$$EXIT
118008ec   _AIC3106_write_reg
11800674   _CheckForOverrun
11802390   _CodecDataIn
11802394   _CodecDataOut
11800fc0   _Codec_ISR
11800208   _DSP_Init
11800228   _DSP_Init_EDMA
1180040c   _EnableInterrupts
11800458   _EnableInterrupts_EDMA
11801d00   _FillSineTable
11801ee0   _GUI_out
11800200   _GetSampleFreq
118003a4   _InitDigitalOutputs
11800248   _InitLEDs
118006a4   _Init_AIC3106
118004cc   _Init_I2C
118003c8   _Init_Interrupts
11800448   _Init_Interrupts_EDMA
11800a98   _Init_McASP0
11800e28   _Init_UART2
11800f68   _IsDataReady_UART2
11800f8c   _IsTxReady_UART2
11800f08   _Puts_UART2
1180062c   _ReadCodecData
1180038c   _ReadSwitches
11800f48   _Read_UART2
11800928   _Reset_AIC3106
11800528   _Reset_I2C
11800950   _SetSampleRate_AIC3106
11802398   _SineTable
11801e60   _StartUp
11800650   _WriteCodecData
118003b0   _WriteDigitalOutputs
118002a8   _WriteLEDs
11800548   _Write_I2C
11800ee0   _Write_UART2
11802948   __STACK_END
00000400   __STACK_SIZE
00000001   __TI_args_main
11801d60   ___TI_cpp_init
11802540   ___TI_enable_exit_profile_output
ffffffff   ___TI_pprof_out_hndl
ffffffff   ___TI_prof_data_size
ffffffff   ___TI_prof_data_start
ffffffff   ___binit__
11802a44   ___bss__
ffffffff   ___c_args__
11802948   ___cinit__
11802a70   ___end__
11801ee0   ___etext__
ffffffff   ___pinit__
11800200   ___text__
11801e20   __args_main
11801880   __auto_init
11801940   __c6xabi_divu
11802538   __cleanup_ptr
118013c0   __divf
11801940   __divu
1180253c   __dtors_ptr
11801c00   __roundf
11802548   __stack
11801e80   __truncf
11801ea0   _abort
11802a60   _alpha
11802a64   _beta
11801c80   _c_int00
11801ac0   _copy_in
11801a00   _exit
11802a44   _f1
11802a48   _f2
11802a4c   _f3
11802a68   _gamma
11802a50   _itr
11801ec0   _main
11801b60   _memcpy
11801dc0   _modff
11801640   _sinf
11800498   _wait
ffffffff   binit
11802948   cinit
11802a70   end
11801ee0   etext
ffffffff   pinit


GLOBAL SYMBOLS: SORTED BY Symbol Address 

address    name
--------   ----
00000001   __TI_args_main
00000400   __STACK_SIZE
11800200   .text
11800200   _GetSampleFreq
11800200   ___text__
11800208   _DSP_Init
11800228   _DSP_Init_EDMA
11800248   _InitLEDs
118002a8   _WriteLEDs
1180038c   _ReadSwitches
118003a4   _InitDigitalOutputs
118003b0   _WriteDigitalOutputs
118003c8   _Init_Interrupts
1180040c   _EnableInterrupts
11800448   _Init_Interrupts_EDMA
11800458   _EnableInterrupts_EDMA
11800498   _wait
118004cc   _Init_I2C
11800528   _Reset_I2C
11800548   _Write_I2C
1180062c   _ReadCodecData
11800650   _WriteCodecData
11800674   _CheckForOverrun
118006a4   _Init_AIC3106
118008ec   _AIC3106_write_reg
11800928   _Reset_AIC3106
11800950   _SetSampleRate_AIC3106
11800a98   _Init_McASP0
11800e28   _Init_UART2
11800ee0   _Write_UART2
11800f08   _Puts_UART2
11800f48   _Read_UART2
11800f68   _IsDataReady_UART2
11800f8c   _IsTxReady_UART2
11800fc0   _Codec_ISR
118013c0   __divf
11801640   _sinf
11801880   __auto_init
11801940   __c6xabi_divu
11801940   __divu
11801a00   _exit
11801ac0   _copy_in
11801b60   _memcpy
11801c00   __roundf
11801c80   _c_int00
11801d00   _FillSineTable
11801d60   ___TI_cpp_init
11801dc0   _modff
11801e20   __args_main
11801e60   _StartUp
11801e80   __truncf
11801ea0   C$$EXIT
11801ea0   _abort
11801ec0   _main
11801ee0   _GUI_out
11801ee0   ___etext__
11801ee0   etext
11802390   _CodecDataIn
11802394   _CodecDataOut
11802398   _SineTable
11802538   __cleanup_ptr
1180253c   __dtors_ptr
11802540   ___TI_enable_exit_profile_output
11802548   __stack
11802948   __STACK_END
11802948   ___cinit__
11802948   cinit
11802a44   $bss
11802a44   .bss
11802a44   ___bss__
11802a44   _f1
11802a48   _f2
11802a4c   _f3
11802a50   _itr
11802a60   _alpha
11802a64   _beta
11802a68   _gamma
11802a70   ___end__
11802a70   end
ffffffff   ___TI_pprof_out_hndl
ffffffff   ___TI_prof_data_size
ffffffff   ___TI_prof_data_start
ffffffff   ___binit__
ffffffff   ___c_args__
ffffffff   ___pinit__
ffffffff   binit
ffffffff   pinit

[87 symbols]
