<?xml version="1.0"?>
<link_info>
   <banner>TMS320C6x Linker Unix v7.4.16</banner>
   <copyright>Copyright (c) 1996-2015 Texas Instruments Incorporated</copyright>
   <link_time>0x5abf3370</link_time>
   <output_file>lab1_problem4.out</output_file>
   <entry_point>
      <name>_c_int00</name>
      <address>0x11801c60</address>
   </entry_point>
   <input_file_list>
      <input_file id="fl-2">
         <path>./</path>
         <kind>object</kind>
         <file>ISRs.obj</file>
         <name>ISRs.obj</name>
      </input_file>
      <input_file id="fl-3">
         <path>./</path>
         <kind>object</kind>
         <file>LCDK_Support_DSP.obj</file>
         <name>LCDK_Support_DSP.obj</name>
      </input_file>
      <input_file id="fl-4">
         <path>./</path>
         <kind>object</kind>
         <file>StartUp.obj</file>
         <name>StartUp.obj</name>
      </input_file>
      <input_file id="fl-5">
         <path>./</path>
         <kind>object</kind>
         <file>main.obj</file>
         <name>main.obj</name>
      </input_file>
      <input_file id="fl-6">
         <path>./</path>
         <kind>object</kind>
         <file>vectors.obj</file>
         <name>vectors.obj</name>
      </input_file>
      <input_file id="fl-b">
         <path>/opt/ti/ccsv6/tools/compiler/c6000_7.4.16/lib/</path>
         <kind>archive</kind>
         <file>rts6740.lib</file>
         <name>boot.obj</name>
      </input_file>
      <input_file id="fl-c">
         <path>/opt/ti/ccsv6/tools/compiler/c6000_7.4.16/lib/</path>
         <kind>archive</kind>
         <file>rts6740.lib</file>
         <name>divf.obj</name>
      </input_file>
      <input_file id="fl-d">
         <path>/opt/ti/ccsv6/tools/compiler/c6000_7.4.16/lib/</path>
         <kind>archive</kind>
         <file>rts6740.lib</file>
         <name>divu.obj</name>
      </input_file>
      <input_file id="fl-e">
         <path>/opt/ti/ccsv6/tools/compiler/c6000_7.4.16/lib/</path>
         <kind>archive</kind>
         <file>rts6740.lib</file>
         <name>exit.obj</name>
      </input_file>
      <input_file id="fl-f">
         <path>/opt/ti/ccsv6/tools/compiler/c6000_7.4.16/lib/</path>
         <kind>archive</kind>
         <file>rts6740.lib</file>
         <name>sinf.obj</name>
      </input_file>
      <input_file id="fl-10">
         <path>/opt/ti/ccsv6/tools/compiler/c6000_7.4.16/lib/</path>
         <kind>archive</kind>
         <file>rts6740.lib</file>
         <name>truncf.obj</name>
      </input_file>
      <input_file id="fl-11">
         <path>/opt/ti/ccsv6/tools/compiler/c6000_7.4.16/lib/</path>
         <kind>archive</kind>
         <file>rts6740.lib</file>
         <name>args_main.obj</name>
      </input_file>
      <input_file id="fl-12">
         <path>/opt/ti/ccsv6/tools/compiler/c6000_7.4.16/lib/</path>
         <kind>archive</kind>
         <file>rts6740.lib</file>
         <name>autoinit.obj</name>
      </input_file>
      <input_file id="fl-13">
         <path>/opt/ti/ccsv6/tools/compiler/c6000_7.4.16/lib/</path>
         <kind>archive</kind>
         <file>rts6740.lib</file>
         <name>cpp_init.obj</name>
      </input_file>
      <input_file id="fl-14">
         <path>/opt/ti/ccsv6/tools/compiler/c6000_7.4.16/lib/</path>
         <kind>archive</kind>
         <file>rts6740.lib</file>
         <name>cpy_tbl.obj</name>
      </input_file>
      <input_file id="fl-15">
         <path>/opt/ti/ccsv6/tools/compiler/c6000_7.4.16/lib/</path>
         <kind>archive</kind>
         <file>rts6740.lib</file>
         <name>memcpy64.obj</name>
      </input_file>
      <input_file id="fl-16">
         <path>/opt/ti/ccsv6/tools/compiler/c6000_7.4.16/lib/</path>
         <kind>archive</kind>
         <file>rts6740.lib</file>
         <name>modff.obj</name>
      </input_file>
      <input_file id="fl-17">
         <path>/opt/ti/ccsv6/tools/compiler/c6000_7.4.16/lib/</path>
         <kind>archive</kind>
         <file>rts6740.lib</file>
         <name>roundf.obj</name>
      </input_file>
   </input_file_list>
   <object_component_list>
      <object_component id="oc-27">
         <name>vectors</name>
         <load_address>0x11800000</load_address>
         <run_address>0x11800000</run_address>
         <size>0x200</size>
         <input_file_ref idref="fl-6"/>
      </object_component>
      <object_component id="oc-f">
         <name>.bss</name>
         <uninitialized>true</uninitialized>
         <run_address>0x11802574</run_address>
         <size>0x1c</size>
         <input_file_ref idref="fl-2"/>
      </object_component>
      <object_component id="oc-17">
         <name>.bss</name>
         <uninitialized>true</uninitialized>
         <run_address>0x118025a0</run_address>
         <size>0x4</size>
         <input_file_ref idref="fl-3"/>
      </object_component>
      <object_component id="oc-21">
         <name>.bss</name>
         <uninitialized>true</uninitialized>
         <run_address>0x11802590</run_address>
         <size>0x10</size>
         <input_file_ref idref="fl-5"/>
      </object_component>
      <object_component id="oc-11">
         <name>.cinit</name>
         <load_address>0x11802478</load_address>
         <run_address>0x11802478</run_address>
         <size>0x6c</size>
         <input_file_ref idref="fl-2"/>
      </object_component>
      <object_component id="oc-23">
         <name>.cinit</name>
         <load_address>0x118024e8</load_address>
         <run_address>0x118024e8</run_address>
         <size>0x2c</size>
         <input_file_ref idref="fl-5"/>
      </object_component>
      <object_component id="oc-36">
         <name>.cinit</name>
         <load_address>0x11802518</load_address>
         <run_address>0x11802518</run_address>
         <size>0x2c</size>
         <input_file_ref idref="fl-e"/>
      </object_component>
      <object_component id="oc-3b">
         <name>.cinit</name>
         <load_address>0x11802548</load_address>
         <run_address>0x11802548</run_address>
         <size>0x18</size>
         <input_file_ref idref="fl-f"/>
      </object_component>
      <object_component id="oc-19">
         <name>.cinit</name>
         <load_address>0x11802560</load_address>
         <run_address>0x11802560</run_address>
         <size>0xc</size>
         <input_file_ref idref="fl-3"/>
      </object_component>
      <object_component id="oc-2c">
         <name>.stack</name>
         <uninitialized>true</uninitialized>
         <run_address>0x11801ec0</run_address>
         <size>0x8</size>
         <input_file_ref idref="fl-b"/>
      </object_component>
      <object_component id="oc-7e">
         <name>.stack</name>
         <uninitialized>true</uninitialized>
         <run_address>0x11801ec0</run_address>
         <size>0x0</size>
      </object_component>
      <object_component id="oc-5a">
         <name>.text</name>
         <load_address>0x11800200</load_address>
         <run_address>0x11800200</run_address>
         <size>0xdc0</size>
         <input_file_ref idref="fl-3"/>
      </object_component>
      <object_component id="oc-13">
         <name>.text:retain</name>
         <load_address>0x11800fc0</load_address>
         <run_address>0x11800fc0</run_address>
         <size>0x3e0</size>
         <input_file_ref idref="fl-2"/>
      </object_component>
      <object_component id="oc-5b">
         <name>.text:__divf</name>
         <load_address>0x118013a0</load_address>
         <run_address>0x118013a0</run_address>
         <size>0x280</size>
         <input_file_ref idref="fl-c"/>
      </object_component>
      <object_component id="oc-65">
         <name>.text:_sinf</name>
         <load_address>0x11801620</load_address>
         <run_address>0x11801620</run_address>
         <size>0x240</size>
         <input_file_ref idref="fl-f"/>
      </object_component>
      <object_component id="oc-57">
         <name>.text:__auto_init</name>
         <load_address>0x11801860</load_address>
         <run_address>0x11801860</run_address>
         <size>0xc0</size>
         <input_file_ref idref="fl-12"/>
      </object_component>
      <object_component id="oc-62">
         <name>.text:__divu</name>
         <load_address>0x11801920</load_address>
         <run_address>0x11801920</run_address>
         <size>0xc0</size>
         <input_file_ref idref="fl-d"/>
      </object_component>
      <object_component id="oc-59">
         <name>.text:_exit</name>
         <load_address>0x118019e0</load_address>
         <run_address>0x118019e0</run_address>
         <size>0xc0</size>
         <input_file_ref idref="fl-e"/>
      </object_component>
      <object_component id="oc-5c">
         <name>.text:_copy_in</name>
         <load_address>0x11801aa0</load_address>
         <run_address>0x11801aa0</run_address>
         <size>0xa0</size>
         <input_file_ref idref="fl-14"/>
      </object_component>
      <object_component id="oc-5d">
         <name>.text:_memcpy</name>
         <load_address>0x11801b40</load_address>
         <run_address>0x11801b40</run_address>
         <size>0xa0</size>
         <input_file_ref idref="fl-15"/>
      </object_component>
      <object_component id="oc-67">
         <name>.text:__roundf</name>
         <load_address>0x11801be0</load_address>
         <run_address>0x11801be0</run_address>
         <size>0x80</size>
         <input_file_ref idref="fl-17"/>
      </object_component>
      <object_component id="oc-e">
         <name>.text:_c_int00</name>
         <load_address>0x11801c60</load_address>
         <run_address>0x11801c60</run_address>
         <size>0x80</size>
         <input_file_ref idref="fl-b"/>
      </object_component>
      <object_component id="oc-64">
         <name>.text</name>
         <load_address>0x11801ce0</load_address>
         <run_address>0x11801ce0</run_address>
         <size>0x60</size>
         <input_file_ref idref="fl-2"/>
      </object_component>
      <object_component id="oc-5e">
         <name>.text:___TI_cpp_init</name>
         <load_address>0x11801d40</load_address>
         <run_address>0x11801d40</run_address>
         <size>0x60</size>
         <input_file_ref idref="fl-13"/>
      </object_component>
      <object_component id="oc-68">
         <name>.text:_modff</name>
         <load_address>0x11801da0</load_address>
         <run_address>0x11801da0</run_address>
         <size>0x60</size>
         <input_file_ref idref="fl-16"/>
      </object_component>
      <object_component id="oc-58">
         <name>.text:__args_main</name>
         <load_address>0x11801e00</load_address>
         <run_address>0x11801e00</run_address>
         <size>0x40</size>
         <input_file_ref idref="fl-11"/>
      </object_component>
      <object_component id="oc-63">
         <name>.text</name>
         <load_address>0x11801e40</load_address>
         <run_address>0x11801e40</run_address>
         <size>0x20</size>
         <input_file_ref idref="fl-4"/>
      </object_component>
      <object_component id="oc-66">
         <name>.text:__truncf</name>
         <load_address>0x11801e60</load_address>
         <run_address>0x11801e60</run_address>
         <size>0x20</size>
         <input_file_ref idref="fl-10"/>
      </object_component>
      <object_component id="oc-60">
         <name>.text:_abort</name>
         <load_address>0x11801e80</load_address>
         <run_address>0x11801e80</run_address>
         <size>0x20</size>
         <input_file_ref idref="fl-e"/>
      </object_component>
      <object_component id="oc-5f">
         <name>.text</name>
         <load_address>0x11801ea0</load_address>
         <run_address>0x11801ea0</run_address>
         <size>0x20</size>
         <input_file_ref idref="fl-5"/>
      </object_component>
      <object_component id="oc-61">
         <name>.switch:_SetSampleRate_AIC3106</name>
         <load_address>0x118025a4</load_address>
         <run_address>0x118025a4</run_address>
         <size>0x18</size>
         <input_file_ref idref="fl-3"/>
      </object_component>
      <object_component id="oc-12">
         <name>.far</name>
         <uninitialized>true</uninitialized>
         <run_address>0x118022c0</run_address>
         <size>0x198</size>
         <input_file_ref idref="fl-2"/>
      </object_component>
      <object_component id="oc-37">
         <name>.far</name>
         <uninitialized>true</uninitialized>
         <run_address>0x11802468</run_address>
         <size>0xc</size>
         <input_file_ref idref="fl-e"/>
      </object_component>
      <object_component id="oc-3c">
         <name>.far</name>
         <uninitialized>true</uninitialized>
         <run_address>0x11802458</run_address>
         <size>0x10</size>
         <input_file_ref idref="fl-f"/>
      </object_component>
      <object_component id="oc-10">
         <name>.debug_info</name>
         <load_address>0x0</load_address>
         <run_address>0x0</run_address>
         <size>0xa60</size>
         <input_file_ref idref="fl-2"/>
      </object_component>
      <object_component id="oc-18">
         <name>.debug_info</name>
         <load_address>0xa60</load_address>
         <run_address>0xa60</run_address>
         <size>0x295f</size>
         <input_file_ref idref="fl-3"/>
      </object_component>
      <object_component id="oc-1d">
         <name>.debug_info</name>
         <load_address>0x33bf</load_address>
         <run_address>0x33bf</run_address>
         <size>0x643</size>
         <input_file_ref idref="fl-4"/>
      </object_component>
      <object_component id="oc-22">
         <name>.debug_info</name>
         <load_address>0x3a02</load_address>
         <run_address>0x3a02</run_address>
         <size>0x6f1</size>
         <input_file_ref idref="fl-5"/>
      </object_component>
      <object_component id="oc-28">
         <name>.debug_info</name>
         <load_address>0x40f3</load_address>
         <run_address>0x40f3</run_address>
         <size>0xc6</size>
         <input_file_ref idref="fl-6"/>
      </object_component>
      <object_component id="oc-2b">
         <name>.debug_info</name>
         <load_address>0x41b9</load_address>
         <run_address>0x41b9</run_address>
         <size>0x6f3</size>
         <input_file_ref idref="fl-b"/>
      </object_component>
      <object_component id="oc-2f">
         <name>.debug_info</name>
         <load_address>0x48ac</load_address>
         <run_address>0x48ac</run_address>
         <size>0x8b6</size>
         <input_file_ref idref="fl-c"/>
      </object_component>
      <object_component id="oc-32">
         <name>.debug_info</name>
         <load_address>0x5162</load_address>
         <run_address>0x5162</run_address>
         <size>0xbc</size>
         <input_file_ref idref="fl-d"/>
      </object_component>
      <object_component id="oc-35">
         <name>.debug_info</name>
         <load_address>0x521e</load_address>
         <run_address>0x521e</run_address>
         <size>0x7c0</size>
         <input_file_ref idref="fl-e"/>
      </object_component>
      <object_component id="oc-3a">
         <name>.debug_info</name>
         <load_address>0x59de</load_address>
         <run_address>0x59de</run_address>
         <size>0x69e</size>
         <input_file_ref idref="fl-f"/>
      </object_component>
      <object_component id="oc-3f">
         <name>.debug_info</name>
         <load_address>0x607c</load_address>
         <run_address>0x607c</run_address>
         <size>0x641</size>
         <input_file_ref idref="fl-10"/>
      </object_component>
      <object_component id="oc-42">
         <name>.debug_info</name>
         <load_address>0x66bd</load_address>
         <run_address>0x66bd</run_address>
         <size>0x6c9</size>
         <input_file_ref idref="fl-11"/>
      </object_component>
      <object_component id="oc-45">
         <name>.debug_info</name>
         <load_address>0x6d86</load_address>
         <run_address>0x6d86</run_address>
         <size>0x83f</size>
         <input_file_ref idref="fl-12"/>
      </object_component>
      <object_component id="oc-48">
         <name>.debug_info</name>
         <load_address>0x75c5</load_address>
         <run_address>0x75c5</run_address>
         <size>0x6b7</size>
         <input_file_ref idref="fl-13"/>
      </object_component>
      <object_component id="oc-4b">
         <name>.debug_info</name>
         <load_address>0x7c7c</load_address>
         <run_address>0x7c7c</run_address>
         <size>0x7ad</size>
         <input_file_ref idref="fl-14"/>
      </object_component>
      <object_component id="oc-4e">
         <name>.debug_info</name>
         <load_address>0x8429</load_address>
         <run_address>0x8429</run_address>
         <size>0xcb</size>
         <input_file_ref idref="fl-15"/>
      </object_component>
      <object_component id="oc-51">
         <name>.debug_info</name>
         <load_address>0x84f4</load_address>
         <run_address>0x84f4</run_address>
         <size>0x656</size>
         <input_file_ref idref="fl-16"/>
      </object_component>
      <object_component id="oc-54">
         <name>.debug_info</name>
         <load_address>0x8b4a</load_address>
         <run_address>0x8b4a</run_address>
         <size>0x641</size>
         <input_file_ref idref="fl-17"/>
      </object_component>
      <object_component id="oc-7f">
         <name>.debug_info</name>
         <load_address>0x918b</load_address>
         <run_address>0x918b</run_address>
         <size>0x70</size>
      </object_component>
      <object_component id="oc-14">
         <name>.debug_frame</name>
         <load_address>0x0</load_address>
         <run_address>0x0</run_address>
         <size>0x39e</size>
         <input_file_ref idref="fl-2"/>
      </object_component>
      <object_component id="oc-1a">
         <name>.debug_frame</name>
         <load_address>0x39e</load_address>
         <run_address>0x39e</run_address>
         <size>0x57a</size>
         <input_file_ref idref="fl-3"/>
      </object_component>
      <object_component id="oc-1e">
         <name>.debug_frame</name>
         <load_address>0x918</load_address>
         <run_address>0x918</run_address>
         <size>0x25d</size>
         <input_file_ref idref="fl-4"/>
      </object_component>
      <object_component id="oc-24">
         <name>.debug_frame</name>
         <load_address>0xb75</load_address>
         <run_address>0xb75</run_address>
         <size>0x259</size>
         <input_file_ref idref="fl-5"/>
      </object_component>
      <object_component id="oc-15">
         <name>.debug_line</name>
         <load_address>0x0</load_address>
         <run_address>0x0</run_address>
         <size>0x93</size>
         <input_file_ref idref="fl-2"/>
      </object_component>
      <object_component id="oc-1b">
         <name>.debug_line</name>
         <load_address>0x93</load_address>
         <run_address>0x93</run_address>
         <size>0x64c</size>
         <input_file_ref idref="fl-3"/>
      </object_component>
      <object_component id="oc-1f">
         <name>.debug_line</name>
         <load_address>0x6df</load_address>
         <run_address>0x6df</run_address>
         <size>0x40</size>
         <input_file_ref idref="fl-4"/>
      </object_component>
      <object_component id="oc-25">
         <name>.debug_line</name>
         <load_address>0x71f</load_address>
         <run_address>0x71f</run_address>
         <size>0x40</size>
         <input_file_ref idref="fl-5"/>
      </object_component>
      <object_component id="oc-29">
         <name>.debug_line</name>
         <load_address>0x75f</load_address>
         <run_address>0x75f</run_address>
         <size>0xb9</size>
         <input_file_ref idref="fl-6"/>
      </object_component>
      <object_component id="oc-2d">
         <name>.debug_line</name>
         <load_address>0x818</load_address>
         <run_address>0x818</run_address>
         <size>0x3d</size>
         <input_file_ref idref="fl-b"/>
      </object_component>
      <object_component id="oc-30">
         <name>.debug_line</name>
         <load_address>0x855</load_address>
         <run_address>0x855</run_address>
         <size>0x3c</size>
         <input_file_ref idref="fl-c"/>
      </object_component>
      <object_component id="oc-33">
         <name>.debug_line</name>
         <load_address>0x891</load_address>
         <run_address>0x891</run_address>
         <size>0x44</size>
         <input_file_ref idref="fl-d"/>
      </object_component>
      <object_component id="oc-38">
         <name>.debug_line</name>
         <load_address>0x8d5</load_address>
         <run_address>0x8d5</run_address>
         <size>0x4f</size>
         <input_file_ref idref="fl-e"/>
      </object_component>
      <object_component id="oc-3d">
         <name>.debug_line</name>
         <load_address>0x924</load_address>
         <run_address>0x924</run_address>
         <size>0x3c</size>
         <input_file_ref idref="fl-f"/>
      </object_component>
      <object_component id="oc-40">
         <name>.debug_line</name>
         <load_address>0x960</load_address>
         <run_address>0x960</run_address>
         <size>0x39</size>
         <input_file_ref idref="fl-10"/>
      </object_component>
      <object_component id="oc-43">
         <name>.debug_line</name>
         <load_address>0x999</load_address>
         <run_address>0x999</run_address>
         <size>0x3f</size>
         <input_file_ref idref="fl-11"/>
      </object_component>
      <object_component id="oc-46">
         <name>.debug_line</name>
         <load_address>0x9d8</load_address>
         <run_address>0x9d8</run_address>
         <size>0x49</size>
         <input_file_ref idref="fl-12"/>
      </object_component>
      <object_component id="oc-49">
         <name>.debug_line</name>
         <load_address>0xa21</load_address>
         <run_address>0xa21</run_address>
         <size>0x45</size>
         <input_file_ref idref="fl-13"/>
      </object_component>
      <object_component id="oc-4c">
         <name>.debug_line</name>
         <load_address>0xa66</load_address>
         <run_address>0xa66</run_address>
         <size>0x44</size>
         <input_file_ref idref="fl-14"/>
      </object_component>
      <object_component id="oc-4f">
         <name>.debug_line</name>
         <load_address>0xaaa</load_address>
         <run_address>0xaaa</run_address>
         <size>0x4a</size>
         <input_file_ref idref="fl-15"/>
      </object_component>
      <object_component id="oc-52">
         <name>.debug_line</name>
         <load_address>0xaf4</load_address>
         <run_address>0xaf4</run_address>
         <size>0x38</size>
         <input_file_ref idref="fl-16"/>
      </object_component>
      <object_component id="oc-55">
         <name>.debug_line</name>
         <load_address>0xb2c</load_address>
         <run_address>0xb2c</run_address>
         <size>0x39</size>
         <input_file_ref idref="fl-17"/>
      </object_component>
      <object_component id="oc-16">
         <name>.debug_abbrev</name>
         <load_address>0x0</load_address>
         <run_address>0x0</run_address>
         <size>0x16c</size>
         <input_file_ref idref="fl-2"/>
      </object_component>
      <object_component id="oc-1c">
         <name>.debug_abbrev</name>
         <load_address>0x16c</load_address>
         <run_address>0x16c</run_address>
         <size>0x1a5</size>
         <input_file_ref idref="fl-3"/>
      </object_component>
      <object_component id="oc-20">
         <name>.debug_abbrev</name>
         <load_address>0x311</load_address>
         <run_address>0x311</run_address>
         <size>0x85</size>
         <input_file_ref idref="fl-4"/>
      </object_component>
      <object_component id="oc-26">
         <name>.debug_abbrev</name>
         <load_address>0x396</load_address>
         <run_address>0x396</run_address>
         <size>0xb3</size>
         <input_file_ref idref="fl-5"/>
      </object_component>
      <object_component id="oc-2a">
         <name>.debug_abbrev</name>
         <load_address>0x449</load_address>
         <run_address>0x449</run_address>
         <size>0x21</size>
         <input_file_ref idref="fl-6"/>
      </object_component>
      <object_component id="oc-2e">
         <name>.debug_abbrev</name>
         <load_address>0x46a</load_address>
         <run_address>0x46a</run_address>
         <size>0xfe</size>
         <input_file_ref idref="fl-b"/>
      </object_component>
      <object_component id="oc-31">
         <name>.debug_abbrev</name>
         <load_address>0x568</load_address>
         <run_address>0x568</run_address>
         <size>0xe7</size>
         <input_file_ref idref="fl-c"/>
      </object_component>
      <object_component id="oc-34">
         <name>.debug_abbrev</name>
         <load_address>0x64f</load_address>
         <run_address>0x64f</run_address>
         <size>0x3b</size>
         <input_file_ref idref="fl-d"/>
      </object_component>
      <object_component id="oc-39">
         <name>.debug_abbrev</name>
         <load_address>0x68a</load_address>
         <run_address>0x68a</run_address>
         <size>0x119</size>
         <input_file_ref idref="fl-e"/>
      </object_component>
      <object_component id="oc-3e">
         <name>.debug_abbrev</name>
         <load_address>0x7a3</load_address>
         <run_address>0x7a3</run_address>
         <size>0xaf</size>
         <input_file_ref idref="fl-f"/>
      </object_component>
      <object_component id="oc-41">
         <name>.debug_abbrev</name>
         <load_address>0x852</load_address>
         <run_address>0x852</run_address>
         <size>0xaf</size>
         <input_file_ref idref="fl-10"/>
      </object_component>
      <object_component id="oc-44">
         <name>.debug_abbrev</name>
         <load_address>0x901</load_address>
         <run_address>0x901</run_address>
         <size>0xe1</size>
         <input_file_ref idref="fl-11"/>
      </object_component>
      <object_component id="oc-47">
         <name>.debug_abbrev</name>
         <load_address>0x9e2</load_address>
         <run_address>0x9e2</run_address>
         <size>0x13f</size>
         <input_file_ref idref="fl-12"/>
      </object_component>
      <object_component id="oc-4a">
         <name>.debug_abbrev</name>
         <load_address>0xb21</load_address>
         <run_address>0xb21</run_address>
         <size>0xdd</size>
         <input_file_ref idref="fl-13"/>
      </object_component>
      <object_component id="oc-4d">
         <name>.debug_abbrev</name>
         <load_address>0xbfe</load_address>
         <run_address>0xbfe</run_address>
         <size>0x10c</size>
         <input_file_ref idref="fl-14"/>
      </object_component>
      <object_component id="oc-50">
         <name>.debug_abbrev</name>
         <load_address>0xd0a</load_address>
         <run_address>0xd0a</run_address>
         <size>0x3b</size>
         <input_file_ref idref="fl-15"/>
      </object_component>
      <object_component id="oc-53">
         <name>.debug_abbrev</name>
         <load_address>0xd45</load_address>
         <run_address>0xd45</run_address>
         <size>0xa1</size>
         <input_file_ref idref="fl-16"/>
      </object_component>
      <object_component id="oc-56">
         <name>.debug_abbrev</name>
         <load_address>0xde6</load_address>
         <run_address>0xde6</run_address>
         <size>0xaf</size>
         <input_file_ref idref="fl-17"/>
      </object_component>
      <object_component id="oc-80">
         <name>.debug_abbrev</name>
         <load_address>0xe95</load_address>
         <run_address>0xe95</run_address>
         <size>0xd</size>
      </object_component>
   </object_component_list>
   <logical_group_list>
      <logical_group id="lg-2">
         <name>vectors</name>
         <load_address>0x11800000</load_address>
         <run_address>0x11800000</run_address>
         <size>0x200</size>
         <contents>
            <object_component_ref idref="oc-27"/>
         </contents>
      </logical_group>
      <logical_group id="lg-3">
         <name>.bss</name>
         <run_address>0x11802574</run_address>
         <size>0x30</size>
         <contents>
            <object_component_ref idref="oc-f"/>
            <object_component_ref idref="oc-17"/>
            <object_component_ref idref="oc-21"/>
         </contents>
      </logical_group>
      <logical_group id="lg-4">
         <name>.cinit</name>
         <load_address>0x11802478</load_address>
         <run_address>0x11802478</run_address>
         <size>0xfc</size>
         <contents>
            <object_component_ref idref="oc-11"/>
            <object_component_ref idref="oc-23"/>
            <object_component_ref idref="oc-36"/>
            <object_component_ref idref="oc-3b"/>
            <object_component_ref idref="oc-19"/>
         </contents>
      </logical_group>
      <logical_group id="lg-5">
         <name>.cio</name>
         <run_address>0x0</run_address>
         <size>0x0</size>
         <contents>
         </contents>
      </logical_group>
      <logical_group id="lg-6">
         <name>.const</name>
         <run_address>0x0</run_address>
         <size>0x0</size>
         <contents>
         </contents>
      </logical_group>
      <logical_group id="lg-7">
         <name>.stack</name>
         <run_address>0x11801ec0</run_address>
         <size>0x400</size>
         <contents>
            <object_component_ref idref="oc-2c"/>
            <object_component_ref idref="oc-7e"/>
         </contents>
      </logical_group>
      <logical_group id="lg-8">
         <name>.sysmem</name>
         <run_address>0x0</run_address>
         <size>0x0</size>
         <contents>
         </contents>
      </logical_group>
      <logical_group id="lg-9">
         <name>.text</name>
         <load_address>0x11800200</load_address>
         <run_address>0x11800200</run_address>
         <size>0x1cc0</size>
         <contents>
            <object_component_ref idref="oc-5a"/>
            <object_component_ref idref="oc-13"/>
            <object_component_ref idref="oc-5b"/>
            <object_component_ref idref="oc-65"/>
            <object_component_ref idref="oc-57"/>
            <object_component_ref idref="oc-62"/>
            <object_component_ref idref="oc-59"/>
            <object_component_ref idref="oc-5c"/>
            <object_component_ref idref="oc-5d"/>
            <object_component_ref idref="oc-67"/>
            <object_component_ref idref="oc-e"/>
            <object_component_ref idref="oc-64"/>
            <object_component_ref idref="oc-5e"/>
            <object_component_ref idref="oc-68"/>
            <object_component_ref idref="oc-58"/>
            <object_component_ref idref="oc-63"/>
            <object_component_ref idref="oc-66"/>
            <object_component_ref idref="oc-60"/>
            <object_component_ref idref="oc-5f"/>
         </contents>
      </logical_group>
      <logical_group id="lg-a">
         <name>.switch</name>
         <load_address>0x118025a4</load_address>
         <run_address>0x118025a4</run_address>
         <size>0x18</size>
         <contents>
            <object_component_ref idref="oc-61"/>
         </contents>
      </logical_group>
      <logical_group id="lg-b">
         <name>.far</name>
         <run_address>0x118022c0</run_address>
         <size>0x1b4</size>
         <contents>
            <object_component_ref idref="oc-12"/>
            <object_component_ref idref="oc-37"/>
            <object_component_ref idref="oc-3c"/>
         </contents>
      </logical_group>
      <logical_group id="lg-c">
         <name>SHARED_SRAM</name>
         <run_address>0x0</run_address>
         <size>0x0</size>
         <contents>
         </contents>
      </logical_group>
      <logical_group id="lg-d">
         <name>CE0</name>
         <run_address>0x0</run_address>
         <size>0x0</size>
         <contents>
         </contents>
      </logical_group>
      <logical_group id="lg-75">
         <name>.debug_info</name>
         <load_address>0x0</load_address>
         <run_address>0x0</run_address>
         <size>0x91fb</size>
         <contents>
            <object_component_ref idref="oc-10"/>
            <object_component_ref idref="oc-18"/>
            <object_component_ref idref="oc-1d"/>
            <object_component_ref idref="oc-22"/>
            <object_component_ref idref="oc-28"/>
            <object_component_ref idref="oc-2b"/>
            <object_component_ref idref="oc-2f"/>
            <object_component_ref idref="oc-32"/>
            <object_component_ref idref="oc-35"/>
            <object_component_ref idref="oc-3a"/>
            <object_component_ref idref="oc-3f"/>
            <object_component_ref idref="oc-42"/>
            <object_component_ref idref="oc-45"/>
            <object_component_ref idref="oc-48"/>
            <object_component_ref idref="oc-4b"/>
            <object_component_ref idref="oc-4e"/>
            <object_component_ref idref="oc-51"/>
            <object_component_ref idref="oc-54"/>
            <object_component_ref idref="oc-7f"/>
         </contents>
      </logical_group>
      <logical_group id="lg-77">
         <name>.debug_frame</name>
         <load_address>0x0</load_address>
         <run_address>0x0</run_address>
         <size>0xdce</size>
         <contents>
            <object_component_ref idref="oc-14"/>
            <object_component_ref idref="oc-1a"/>
            <object_component_ref idref="oc-1e"/>
            <object_component_ref idref="oc-24"/>
         </contents>
      </logical_group>
      <logical_group id="lg-79">
         <name>.debug_line</name>
         <load_address>0x0</load_address>
         <run_address>0x0</run_address>
         <size>0xb65</size>
         <contents>
            <object_component_ref idref="oc-15"/>
            <object_component_ref idref="oc-1b"/>
            <object_component_ref idref="oc-1f"/>
            <object_component_ref idref="oc-25"/>
            <object_component_ref idref="oc-29"/>
            <object_component_ref idref="oc-2d"/>
            <object_component_ref idref="oc-30"/>
            <object_component_ref idref="oc-33"/>
            <object_component_ref idref="oc-38"/>
            <object_component_ref idref="oc-3d"/>
            <object_component_ref idref="oc-40"/>
            <object_component_ref idref="oc-43"/>
            <object_component_ref idref="oc-46"/>
            <object_component_ref idref="oc-49"/>
            <object_component_ref idref="oc-4c"/>
            <object_component_ref idref="oc-4f"/>
            <object_component_ref idref="oc-52"/>
            <object_component_ref idref="oc-55"/>
         </contents>
      </logical_group>
      <logical_group id="lg-7b">
         <name>.debug_abbrev</name>
         <load_address>0x0</load_address>
         <run_address>0x0</run_address>
         <size>0xea2</size>
         <contents>
            <object_component_ref idref="oc-16"/>
            <object_component_ref idref="oc-1c"/>
            <object_component_ref idref="oc-20"/>
            <object_component_ref idref="oc-26"/>
            <object_component_ref idref="oc-2a"/>
            <object_component_ref idref="oc-2e"/>
            <object_component_ref idref="oc-31"/>
            <object_component_ref idref="oc-34"/>
            <object_component_ref idref="oc-39"/>
            <object_component_ref idref="oc-3e"/>
            <object_component_ref idref="oc-41"/>
            <object_component_ref idref="oc-44"/>
            <object_component_ref idref="oc-47"/>
            <object_component_ref idref="oc-4a"/>
            <object_component_ref idref="oc-4d"/>
            <object_component_ref idref="oc-50"/>
            <object_component_ref idref="oc-53"/>
            <object_component_ref idref="oc-56"/>
            <object_component_ref idref="oc-80"/>
         </contents>
      </logical_group>
   </logical_group_list>
   <placement_map>
      <memory_area>
         <name>VECTORS</name>
         <page_id>0x0</page_id>
         <origin>0x11800000</origin>
         <length>0x200</length>
         <used_space>0x200</used_space>
         <unused_space>0x0</unused_space>
         <attributes>RWIX</attributes>
         <usage_details>
            <allocated_space>
               <start_address>0x11800000</start_address>
               <size>0x200</size>
               <logical_group_ref idref="lg-2"/>
            </allocated_space>
         </usage_details>
      </memory_area>
      <memory_area>
         <name>DSPRAM</name>
         <page_id>0x0</page_id>
         <origin>0x11800200</origin>
         <length>0x3fe00</length>
         <used_space>0x23b8</used_space>
         <unused_space>0x3da48</unused_space>
         <attributes>RWIX</attributes>
         <usage_details>
            <allocated_space>
               <start_address>0x11800200</start_address>
               <size>0x1cc0</size>
               <logical_group_ref idref="lg-9"/>
            </allocated_space>
            <allocated_space>
               <start_address>0x11801ec0</start_address>
               <size>0x400</size>
               <logical_group_ref idref="lg-7"/>
            </allocated_space>
            <allocated_space>
               <start_address>0x118022c0</start_address>
               <size>0x1b4</size>
               <logical_group_ref idref="lg-b"/>
            </allocated_space>
            <available_space>
               <start_address>0x11802474</start_address>
               <size>0x4</size>
            </available_space>
            <allocated_space>
               <start_address>0x11802478</start_address>
               <size>0xfc</size>
               <logical_group_ref idref="lg-4"/>
            </allocated_space>
            <allocated_space>
               <start_address>0x11802574</start_address>
               <size>0x30</size>
               <logical_group_ref idref="lg-3"/>
            </allocated_space>
            <allocated_space>
               <start_address>0x118025a4</start_address>
               <size>0x18</size>
               <logical_group_ref idref="lg-a"/>
            </allocated_space>
            <available_space>
               <start_address>0x118025bc</start_address>
               <size>0x3da44</size>
            </available_space>
         </usage_details>
      </memory_area>
      <memory_area>
         <name>SHAREDRAM</name>
         <page_id>0x0</page_id>
         <origin>0x80000000</origin>
         <length>0x20000</length>
         <used_space>0x0</used_space>
         <unused_space>0x20000</unused_space>
         <attributes>RWIX</attributes>
         <usage_details>
         </usage_details>
      </memory_area>
      <memory_area>
         <name>SDRAM</name>
         <page_id>0x0</page_id>
         <origin>0xc0000000</origin>
         <length>0x8000000</length>
         <used_space>0x0</used_space>
         <unused_space>0x8000000</unused_space>
         <attributes>RWIX</attributes>
         <usage_details>
         </usage_details>
      </memory_area>
   </placement_map>
   <symbol_table>
      <symbol id="sm-0">
         <name>cinit</name>
         <value>0x11802478</value>
      </symbol>
      <symbol id="sm-1">
         <name>___cinit__</name>
         <value>0x11802478</value>
      </symbol>
      <symbol id="sm-2">
         <name>pinit</name>
         <value>0xffffffff</value>
      </symbol>
      <symbol id="sm-3">
         <name>___pinit__</name>
         <value>0xffffffff</value>
      </symbol>
      <symbol id="sm-4">
         <name>binit</name>
         <value>0xffffffff</value>
      </symbol>
      <symbol id="sm-5">
         <name>___binit__</name>
         <value>0xffffffff</value>
      </symbol>
      <symbol id="sm-6">
         <name>__STACK_SIZE</name>
         <value>0x400</value>
      </symbol>
      <symbol id="sm-7">
         <name>__STACK_END</name>
         <value>0x118022c0</value>
      </symbol>
      <symbol id="sm-8">
         <name>___c_args__</name>
         <value>0xffffffff</value>
      </symbol>
      <symbol id="sm-9">
         <name>.text</name>
         <value>0x11800200</value>
      </symbol>
      <symbol id="sm-a">
         <name>___text__</name>
         <value>0x11800200</value>
      </symbol>
      <symbol id="sm-b">
         <name>etext</name>
         <value>0x11801ec0</value>
      </symbol>
      <symbol id="sm-c">
         <name>___etext__</name>
         <value>0x11801ec0</value>
      </symbol>
      <symbol id="sm-d">
         <name>.bss</name>
         <value>0x11802574</value>
      </symbol>
      <symbol id="sm-e">
         <name>___bss__</name>
         <value>0x11802574</value>
      </symbol>
      <symbol id="sm-f">
         <name>end</name>
         <value>0x118025a4</value>
      </symbol>
      <symbol id="sm-10">
         <name>___end__</name>
         <value>0x118025a4</value>
      </symbol>
      <symbol id="sm-11">
         <name>___TI_pprof_out_hndl</name>
         <value>0xffffffff</value>
      </symbol>
      <symbol id="sm-12">
         <name>___TI_prof_data_start</name>
         <value>0xffffffff</value>
      </symbol>
      <symbol id="sm-13">
         <name>___TI_prof_data_size</name>
         <value>0xffffffff</value>
      </symbol>
      <symbol id="sm-14">
         <name>$bss</name>
         <value>0x11802574</value>
      </symbol>
      <symbol id="sm-60">
         <name>_Codec_ISR</name>
         <value>0x11800fc0</value>
         <object_component_ref idref="oc-13"/>
      </symbol>
      <symbol id="sm-61">
         <name>_Pi</name>
         <value>0x11802574</value>
         <object_component_ref idref="oc-f"/>
      </symbol>
      <symbol id="sm-62">
         <name>_FillSineTable</name>
         <value>0x11801ce0</value>
         <object_component_ref idref="oc-64"/>
      </symbol>
      <symbol id="sm-63">
         <name>_CodecDataIn</name>
         <value>0x118022c0</value>
         <object_component_ref idref="oc-12"/>
      </symbol>
      <symbol id="sm-64">
         <name>_f3</name>
         <value>0x11802580</value>
         <object_component_ref idref="oc-f"/>
      </symbol>
      <symbol id="sm-65">
         <name>_f2</name>
         <value>0x1180257c</value>
         <object_component_ref idref="oc-f"/>
      </symbol>
      <symbol id="sm-66">
         <name>_f1</name>
         <value>0x11802578</value>
         <object_component_ref idref="oc-f"/>
      </symbol>
      <symbol id="sm-67">
         <name>_CodecDataOut</name>
         <value>0x118022c4</value>
         <object_component_ref idref="oc-12"/>
      </symbol>
      <symbol id="sm-68">
         <name>_SineTable</name>
         <value>0x118022c8</value>
         <object_component_ref idref="oc-12"/>
      </symbol>
      <symbol id="sm-130">
         <name>_CheckForOverrun</name>
         <value>0x11800674</value>
         <object_component_ref idref="oc-5a"/>
      </symbol>
      <symbol id="sm-131">
         <name>_Reset_I2C</name>
         <value>0x11800528</value>
         <object_component_ref idref="oc-5a"/>
      </symbol>
      <symbol id="sm-132">
         <name>_Init_McASP0</name>
         <value>0x11800a98</value>
         <object_component_ref idref="oc-5a"/>
      </symbol>
      <symbol id="sm-133">
         <name>_SetSampleRate_AIC3106</name>
         <value>0x11800950</value>
         <object_component_ref idref="oc-5a"/>
      </symbol>
      <symbol id="sm-134">
         <name>_Read_UART2</name>
         <value>0x11800f48</value>
         <object_component_ref idref="oc-5a"/>
      </symbol>
      <symbol id="sm-135">
         <name>_Puts_UART2</name>
         <value>0x11800f08</value>
         <object_component_ref idref="oc-5a"/>
      </symbol>
      <symbol id="sm-136">
         <name>_Init_AIC3106</name>
         <value>0x118006a4</value>
         <object_component_ref idref="oc-5a"/>
      </symbol>
      <symbol id="sm-137">
         <name>_WriteDigitalOutputs</name>
         <value>0x118003b0</value>
         <object_component_ref idref="oc-5a"/>
      </symbol>
      <symbol id="sm-138">
         <name>_wait</name>
         <value>0x11800498</value>
         <object_component_ref idref="oc-5a"/>
      </symbol>
      <symbol id="sm-139">
         <name>_Init_UART2</name>
         <value>0x11800e28</value>
         <object_component_ref idref="oc-5a"/>
      </symbol>
      <symbol id="sm-13a">
         <name>_Reset_AIC3106</name>
         <value>0x11800928</value>
         <object_component_ref idref="oc-5a"/>
      </symbol>
      <symbol id="sm-13b">
         <name>_DSP_Init</name>
         <value>0x11800208</value>
         <object_component_ref idref="oc-5a"/>
      </symbol>
      <symbol id="sm-13c">
         <name>_IsDataReady_UART2</name>
         <value>0x11800f68</value>
         <object_component_ref idref="oc-5a"/>
      </symbol>
      <symbol id="sm-13d">
         <name>_IsTxReady_UART2</name>
         <value>0x11800f8c</value>
         <object_component_ref idref="oc-5a"/>
      </symbol>
      <symbol id="sm-13e">
         <name>_Init_Interrupts_EDMA</name>
         <value>0x11800448</value>
         <object_component_ref idref="oc-5a"/>
      </symbol>
      <symbol id="sm-13f">
         <name>_AIC3106_write_reg</name>
         <value>0x118008ec</value>
         <object_component_ref idref="oc-5a"/>
      </symbol>
      <symbol id="sm-140">
         <name>_WriteLEDs</name>
         <value>0x118002a8</value>
         <object_component_ref idref="oc-5a"/>
      </symbol>
      <symbol id="sm-141">
         <name>_Init_I2C</name>
         <value>0x118004cc</value>
         <object_component_ref idref="oc-5a"/>
      </symbol>
      <symbol id="sm-142">
         <name>_InitDigitalOutputs</name>
         <value>0x118003a4</value>
         <object_component_ref idref="oc-5a"/>
      </symbol>
      <symbol id="sm-143">
         <name>_InitLEDs</name>
         <value>0x11800248</value>
         <object_component_ref idref="oc-5a"/>
      </symbol>
      <symbol id="sm-144">
         <name>_WriteCodecData</name>
         <value>0x11800650</value>
         <object_component_ref idref="oc-5a"/>
      </symbol>
      <symbol id="sm-145">
         <name>_ReadSwitches</name>
         <value>0x1180038c</value>
         <object_component_ref idref="oc-5a"/>
      </symbol>
      <symbol id="sm-146">
         <name>_DSP_Init_EDMA</name>
         <value>0x11800228</value>
         <object_component_ref idref="oc-5a"/>
      </symbol>
      <symbol id="sm-147">
         <name>_Write_I2C</name>
         <value>0x11800548</value>
         <object_component_ref idref="oc-5a"/>
      </symbol>
      <symbol id="sm-148">
         <name>_Write_UART2</name>
         <value>0x11800ee0</value>
         <object_component_ref idref="oc-5a"/>
      </symbol>
      <symbol id="sm-149">
         <name>_ReadCodecData</name>
         <value>0x1180062c</value>
         <object_component_ref idref="oc-5a"/>
      </symbol>
      <symbol id="sm-14a">
         <name>_EnableInterrupts</name>
         <value>0x1180040c</value>
         <object_component_ref idref="oc-5a"/>
      </symbol>
      <symbol id="sm-14b">
         <name>_Init_Interrupts</name>
         <value>0x118003c8</value>
         <object_component_ref idref="oc-5a"/>
      </symbol>
      <symbol id="sm-14c">
         <name>_GetSampleFreq</name>
         <value>0x11800200</value>
         <object_component_ref idref="oc-5a"/>
      </symbol>
      <symbol id="sm-14d">
         <name>_EnableInterrupts_EDMA</name>
         <value>0x11800458</value>
         <object_component_ref idref="oc-5a"/>
      </symbol>
      <symbol id="sm-156">
         <name>_StartUp</name>
         <value>0x11801e40</value>
         <object_component_ref idref="oc-63"/>
      </symbol>
      <symbol id="sm-169">
         <name>_main</name>
         <value>0x11801ea0</value>
         <object_component_ref idref="oc-5f"/>
      </symbol>
      <symbol id="sm-16a">
         <name>_GUI_out</name>
         <value>0x1180259c</value>
         <object_component_ref idref="oc-21"/>
      </symbol>
      <symbol id="sm-16b">
         <name>_gamma</name>
         <value>0x11802598</value>
         <object_component_ref idref="oc-21"/>
      </symbol>
      <symbol id="sm-16c">
         <name>_alpha</name>
         <value>0x11802590</value>
         <object_component_ref idref="oc-21"/>
      </symbol>
      <symbol id="sm-16d">
         <name>_beta</name>
         <value>0x11802594</value>
         <object_component_ref idref="oc-21"/>
      </symbol>
      <symbol id="sm-193">
         <name>_c_int00</name>
         <value>0x11801c60</value>
         <object_component_ref idref="oc-e"/>
      </symbol>
      <symbol id="sm-194">
         <name>__stack</name>
         <value>0x11801ec0</value>
         <object_component_ref idref="oc-2c"/>
      </symbol>
      <symbol id="sm-1a4">
         <name>__divf</name>
         <value>0x118013a0</value>
         <object_component_ref idref="oc-5b"/>
      </symbol>
      <symbol id="sm-1ad">
         <name>__c6xabi_divu</name>
         <value>0x11801920</value>
         <object_component_ref idref="oc-62"/>
      </symbol>
      <symbol id="sm-1ae">
         <name>__divu</name>
         <value>0x11801920</value>
         <object_component_ref idref="oc-62"/>
      </symbol>
      <symbol id="sm-1c5">
         <name>C$$EXIT</name>
         <value>0x11801e80</value>
         <object_component_ref idref="oc-60"/>
      </symbol>
      <symbol id="sm-1c6">
         <name>_exit</name>
         <value>0x118019e0</value>
         <object_component_ref idref="oc-59"/>
      </symbol>
      <symbol id="sm-1c7">
         <name>___TI_enable_exit_profile_output</name>
         <value>0x11802470</value>
         <object_component_ref idref="oc-37"/>
      </symbol>
      <symbol id="sm-1c8">
         <name>_abort</name>
         <value>0x11801e80</value>
         <object_component_ref idref="oc-60"/>
      </symbol>
      <symbol id="sm-1c9">
         <name>__cleanup_ptr</name>
         <value>0x11802468</value>
         <object_component_ref idref="oc-37"/>
      </symbol>
      <symbol id="sm-1ca">
         <name>__dtors_ptr</name>
         <value>0x1180246c</value>
         <object_component_ref idref="oc-37"/>
      </symbol>
      <symbol id="sm-1de">
         <name>_sinf</name>
         <value>0x11801620</value>
         <object_component_ref idref="oc-65"/>
      </symbol>
      <symbol id="sm-1e8">
         <name>__truncf</name>
         <value>0x11801e60</value>
         <object_component_ref idref="oc-66"/>
      </symbol>
      <symbol id="sm-1f2">
         <name>__args_main</name>
         <value>0x11801e00</value>
         <object_component_ref idref="oc-58"/>
      </symbol>
      <symbol id="sm-1f3">
         <name>__TI_args_main</name>
         <value>0x1</value>
      </symbol>
      <symbol id="sm-202">
         <name>__auto_init</name>
         <value>0x11801860</value>
         <object_component_ref idref="oc-57"/>
      </symbol>
      <symbol id="sm-20f">
         <name>___TI_cpp_init</name>
         <value>0x11801d40</value>
         <object_component_ref idref="oc-5e"/>
      </symbol>
      <symbol id="sm-21d">
         <name>_copy_in</name>
         <value>0x11801aa0</value>
         <object_component_ref idref="oc-5c"/>
      </symbol>
      <symbol id="sm-225">
         <name>_memcpy</name>
         <value>0x11801b40</value>
         <object_component_ref idref="oc-5d"/>
      </symbol>
      <symbol id="sm-230">
         <name>_modff</name>
         <value>0x11801da0</value>
         <object_component_ref idref="oc-68"/>
      </symbol>
      <symbol id="sm-23a">
         <name>__roundf</name>
         <value>0x11801be0</value>
         <object_component_ref idref="oc-67"/>
      </symbol>
   </symbol_table>
</link_info>
