<?xml version="1.0"?>
<link_info>
   <banner>TMS320C6x Linker PC v7.4.14</banner>
   <copyright>Copyright (c) 1996-2015 Texas Instruments Incorporated</copyright>
   <link_time>0x5ac51426</link_time>
   <output_file>lab1_problem4.out</output_file>
   <entry_point>
      <name>_c_int00</name>
      <address>0x11801c80</address>
   </entry_point>
   <input_file_list>
      <input_file id="fl-2">
         <path>.\</path>
         <kind>object</kind>
         <file>ISRs.obj</file>
         <name>ISRs.obj</name>
      </input_file>
      <input_file id="fl-3">
         <path>.\</path>
         <kind>object</kind>
         <file>LCDK_Support_DSP.obj</file>
         <name>LCDK_Support_DSP.obj</name>
      </input_file>
      <input_file id="fl-4">
         <path>.\</path>
         <kind>object</kind>
         <file>StartUp.obj</file>
         <name>StartUp.obj</name>
      </input_file>
      <input_file id="fl-5">
         <path>.\</path>
         <kind>object</kind>
         <file>main.obj</file>
         <name>main.obj</name>
      </input_file>
      <input_file id="fl-6">
         <path>.\</path>
         <kind>object</kind>
         <file>vectors.obj</file>
         <name>vectors.obj</name>
      </input_file>
      <input_file id="fl-b">
         <path>C:\ti\ccsv6\tools\compiler\c6000_7.4.14\lib\</path>
         <kind>archive</kind>
         <file>rts6740.lib</file>
         <name>boot.obj</name>
      </input_file>
      <input_file id="fl-c">
         <path>C:\ti\ccsv6\tools\compiler\c6000_7.4.14\lib\</path>
         <kind>archive</kind>
         <file>rts6740.lib</file>
         <name>divf.obj</name>
      </input_file>
      <input_file id="fl-d">
         <path>C:\ti\ccsv6\tools\compiler\c6000_7.4.14\lib\</path>
         <kind>archive</kind>
         <file>rts6740.lib</file>
         <name>divu.obj</name>
      </input_file>
      <input_file id="fl-e">
         <path>C:\ti\ccsv6\tools\compiler\c6000_7.4.14\lib\</path>
         <kind>archive</kind>
         <file>rts6740.lib</file>
         <name>exit.obj</name>
      </input_file>
      <input_file id="fl-f">
         <path>C:\ti\ccsv6\tools\compiler\c6000_7.4.14\lib\</path>
         <kind>archive</kind>
         <file>rts6740.lib</file>
         <name>sinf.obj</name>
      </input_file>
      <input_file id="fl-10">
         <path>C:\ti\ccsv6\tools\compiler\c6000_7.4.14\lib\</path>
         <kind>archive</kind>
         <file>rts6740.lib</file>
         <name>truncf.obj</name>
      </input_file>
      <input_file id="fl-11">
         <path>C:\ti\ccsv6\tools\compiler\c6000_7.4.14\lib\</path>
         <kind>archive</kind>
         <file>rts6740.lib</file>
         <name>args_main.obj</name>
      </input_file>
      <input_file id="fl-12">
         <path>C:\ti\ccsv6\tools\compiler\c6000_7.4.14\lib\</path>
         <kind>archive</kind>
         <file>rts6740.lib</file>
         <name>autoinit.obj</name>
      </input_file>
      <input_file id="fl-13">
         <path>C:\ti\ccsv6\tools\compiler\c6000_7.4.14\lib\</path>
         <kind>archive</kind>
         <file>rts6740.lib</file>
         <name>cpp_init.obj</name>
      </input_file>
      <input_file id="fl-14">
         <path>C:\ti\ccsv6\tools\compiler\c6000_7.4.14\lib\</path>
         <kind>archive</kind>
         <file>rts6740.lib</file>
         <name>cpy_tbl.obj</name>
      </input_file>
      <input_file id="fl-15">
         <path>C:\ti\ccsv6\tools\compiler\c6000_7.4.14\lib\</path>
         <kind>archive</kind>
         <file>rts6740.lib</file>
         <name>memcpy64.obj</name>
      </input_file>
      <input_file id="fl-16">
         <path>C:\ti\ccsv6\tools\compiler\c6000_7.4.14\lib\</path>
         <kind>archive</kind>
         <file>rts6740.lib</file>
         <name>modff.obj</name>
      </input_file>
      <input_file id="fl-17">
         <path>C:\ti\ccsv6\tools\compiler\c6000_7.4.14\lib\</path>
         <kind>archive</kind>
         <file>rts6740.lib</file>
         <name>roundf.obj</name>
      </input_file>
   </input_file_list>
   <object_component_list>
      <object_component id="oc-28">
         <name>vectors</name>
         <load_address>0x11800000</load_address>
         <run_address>0x11800000</run_address>
         <size>0x200</size>
         <input_file_ref idref="fl-6"/>
      </object_component>
      <object_component id="oc-f">
         <name>.bss</name>
         <uninitialized>true</uninitialized>
         <run_address>0x11802a44</run_address>
         <size>0x1c</size>
         <input_file_ref idref="fl-2"/>
      </object_component>
      <object_component id="oc-17">
         <name>.bss</name>
         <uninitialized>true</uninitialized>
         <run_address>0x11802a6c</run_address>
         <size>0x4</size>
         <input_file_ref idref="fl-3"/>
      </object_component>
      <object_component id="oc-21">
         <name>.bss</name>
         <uninitialized>true</uninitialized>
         <run_address>0x11802a60</run_address>
         <size>0xc</size>
         <input_file_ref idref="fl-5"/>
      </object_component>
      <object_component id="oc-11">
         <name>.cinit</name>
         <load_address>0x11802948</load_address>
         <run_address>0x11802948</run_address>
         <size>0x6c</size>
         <input_file_ref idref="fl-2"/>
      </object_component>
      <object_component id="oc-23">
         <name>.cinit</name>
         <load_address>0x118029b8</load_address>
         <run_address>0x118029b8</run_address>
         <size>0x2c</size>
         <input_file_ref idref="fl-5"/>
      </object_component>
      <object_component id="oc-37">
         <name>.cinit</name>
         <load_address>0x118029e8</load_address>
         <run_address>0x118029e8</run_address>
         <size>0x2c</size>
         <input_file_ref idref="fl-e"/>
      </object_component>
      <object_component id="oc-3c">
         <name>.cinit</name>
         <load_address>0x11802a18</load_address>
         <run_address>0x11802a18</run_address>
         <size>0x18</size>
         <input_file_ref idref="fl-f"/>
      </object_component>
      <object_component id="oc-19">
         <name>.cinit</name>
         <load_address>0x11802a30</load_address>
         <run_address>0x11802a30</run_address>
         <size>0xc</size>
         <input_file_ref idref="fl-3"/>
      </object_component>
      <object_component id="oc-2d">
         <name>.stack</name>
         <uninitialized>true</uninitialized>
         <run_address>0x11802548</run_address>
         <size>0x8</size>
         <input_file_ref idref="fl-b"/>
      </object_component>
      <object_component id="oc-7f">
         <name>.stack</name>
         <uninitialized>true</uninitialized>
         <run_address>0x11802548</run_address>
         <size>0x0</size>
      </object_component>
      <object_component id="oc-5b">
         <name>.text</name>
         <load_address>0x11800200</load_address>
         <run_address>0x11800200</run_address>
         <size>0xdc0</size>
         <input_file_ref idref="fl-3"/>
      </object_component>
      <object_component id="oc-13">
         <name>.text:retain</name>
         <load_address>0x11800fc0</load_address>
         <run_address>0x11800fc0</run_address>
         <size>0x400</size>
         <input_file_ref idref="fl-2"/>
      </object_component>
      <object_component id="oc-5c">
         <name>.text:__divf</name>
         <load_address>0x118013c0</load_address>
         <run_address>0x118013c0</run_address>
         <size>0x280</size>
         <input_file_ref idref="fl-c"/>
      </object_component>
      <object_component id="oc-66">
         <name>.text:_sinf</name>
         <load_address>0x11801640</load_address>
         <run_address>0x11801640</run_address>
         <size>0x240</size>
         <input_file_ref idref="fl-f"/>
      </object_component>
      <object_component id="oc-58">
         <name>.text:__auto_init</name>
         <load_address>0x11801880</load_address>
         <run_address>0x11801880</run_address>
         <size>0xc0</size>
         <input_file_ref idref="fl-12"/>
      </object_component>
      <object_component id="oc-63">
         <name>.text:__divu</name>
         <load_address>0x11801940</load_address>
         <run_address>0x11801940</run_address>
         <size>0xc0</size>
         <input_file_ref idref="fl-d"/>
      </object_component>
      <object_component id="oc-5a">
         <name>.text:_exit</name>
         <load_address>0x11801a00</load_address>
         <run_address>0x11801a00</run_address>
         <size>0xc0</size>
         <input_file_ref idref="fl-e"/>
      </object_component>
      <object_component id="oc-5d">
         <name>.text:_copy_in</name>
         <load_address>0x11801ac0</load_address>
         <run_address>0x11801ac0</run_address>
         <size>0xa0</size>
         <input_file_ref idref="fl-14"/>
      </object_component>
      <object_component id="oc-5e">
         <name>.text:_memcpy</name>
         <load_address>0x11801b60</load_address>
         <run_address>0x11801b60</run_address>
         <size>0xa0</size>
         <input_file_ref idref="fl-15"/>
      </object_component>
      <object_component id="oc-68">
         <name>.text:__roundf</name>
         <load_address>0x11801c00</load_address>
         <run_address>0x11801c00</run_address>
         <size>0x80</size>
         <input_file_ref idref="fl-17"/>
      </object_component>
      <object_component id="oc-e">
         <name>.text:_c_int00</name>
         <load_address>0x11801c80</load_address>
         <run_address>0x11801c80</run_address>
         <size>0x80</size>
         <input_file_ref idref="fl-b"/>
      </object_component>
      <object_component id="oc-65">
         <name>.text</name>
         <load_address>0x11801d00</load_address>
         <run_address>0x11801d00</run_address>
         <size>0x60</size>
         <input_file_ref idref="fl-2"/>
      </object_component>
      <object_component id="oc-5f">
         <name>.text:___TI_cpp_init</name>
         <load_address>0x11801d60</load_address>
         <run_address>0x11801d60</run_address>
         <size>0x60</size>
         <input_file_ref idref="fl-13"/>
      </object_component>
      <object_component id="oc-69">
         <name>.text:_modff</name>
         <load_address>0x11801dc0</load_address>
         <run_address>0x11801dc0</run_address>
         <size>0x60</size>
         <input_file_ref idref="fl-16"/>
      </object_component>
      <object_component id="oc-59">
         <name>.text:__args_main</name>
         <load_address>0x11801e20</load_address>
         <run_address>0x11801e20</run_address>
         <size>0x40</size>
         <input_file_ref idref="fl-11"/>
      </object_component>
      <object_component id="oc-64">
         <name>.text</name>
         <load_address>0x11801e60</load_address>
         <run_address>0x11801e60</run_address>
         <size>0x20</size>
         <input_file_ref idref="fl-4"/>
      </object_component>
      <object_component id="oc-67">
         <name>.text:__truncf</name>
         <load_address>0x11801e80</load_address>
         <run_address>0x11801e80</run_address>
         <size>0x20</size>
         <input_file_ref idref="fl-10"/>
      </object_component>
      <object_component id="oc-61">
         <name>.text:_abort</name>
         <load_address>0x11801ea0</load_address>
         <run_address>0x11801ea0</run_address>
         <size>0x20</size>
         <input_file_ref idref="fl-e"/>
      </object_component>
      <object_component id="oc-60">
         <name>.text</name>
         <load_address>0x11801ec0</load_address>
         <run_address>0x11801ec0</run_address>
         <size>0x20</size>
         <input_file_ref idref="fl-5"/>
      </object_component>
      <object_component id="oc-62">
         <name>.switch:_SetSampleRate_AIC3106</name>
         <load_address>0x11802a70</load_address>
         <run_address>0x11802a70</run_address>
         <size>0x18</size>
         <input_file_ref idref="fl-3"/>
      </object_component>
      <object_component id="oc-12">
         <name>.far</name>
         <uninitialized>true</uninitialized>
         <run_address>0x11802390</run_address>
         <size>0x198</size>
         <input_file_ref idref="fl-2"/>
      </object_component>
      <object_component id="oc-24">
         <name>.far</name>
         <uninitialized>true</uninitialized>
         <run_address>0x11801ee0</run_address>
         <size>0x4b0</size>
         <input_file_ref idref="fl-5"/>
      </object_component>
      <object_component id="oc-38">
         <name>.far</name>
         <uninitialized>true</uninitialized>
         <run_address>0x11802538</run_address>
         <size>0xc</size>
         <input_file_ref idref="fl-e"/>
      </object_component>
      <object_component id="oc-3d">
         <name>.far</name>
         <uninitialized>true</uninitialized>
         <run_address>0x11802528</run_address>
         <size>0x10</size>
         <input_file_ref idref="fl-f"/>
      </object_component>
      <object_component id="oc-10">
         <name>.debug_info</name>
         <load_address>0x0</load_address>
         <run_address>0x0</run_address>
         <size>0xae4</size>
         <input_file_ref idref="fl-2"/>
      </object_component>
      <object_component id="oc-18">
         <name>.debug_info</name>
         <load_address>0xae4</load_address>
         <run_address>0xae4</run_address>
         <size>0x2b7d</size>
         <input_file_ref idref="fl-3"/>
      </object_component>
      <object_component id="oc-1d">
         <name>.debug_info</name>
         <load_address>0x3661</load_address>
         <run_address>0x3661</run_address>
         <size>0x663</size>
         <input_file_ref idref="fl-4"/>
      </object_component>
      <object_component id="oc-22">
         <name>.debug_info</name>
         <load_address>0x3cc4</load_address>
         <run_address>0x3cc4</run_address>
         <size>0x735</size>
         <input_file_ref idref="fl-5"/>
      </object_component>
      <object_component id="oc-29">
         <name>.debug_info</name>
         <load_address>0x43f9</load_address>
         <run_address>0x43f9</run_address>
         <size>0xe6</size>
         <input_file_ref idref="fl-6"/>
      </object_component>
      <object_component id="oc-2c">
         <name>.debug_info</name>
         <load_address>0x44df</load_address>
         <run_address>0x44df</run_address>
         <size>0x6f3</size>
         <input_file_ref idref="fl-b"/>
      </object_component>
      <object_component id="oc-30">
         <name>.debug_info</name>
         <load_address>0x4bd2</load_address>
         <run_address>0x4bd2</run_address>
         <size>0x8b6</size>
         <input_file_ref idref="fl-c"/>
      </object_component>
      <object_component id="oc-33">
         <name>.debug_info</name>
         <load_address>0x5488</load_address>
         <run_address>0x5488</run_address>
         <size>0xbc</size>
         <input_file_ref idref="fl-d"/>
      </object_component>
      <object_component id="oc-36">
         <name>.debug_info</name>
         <load_address>0x5544</load_address>
         <run_address>0x5544</run_address>
         <size>0x7c0</size>
         <input_file_ref idref="fl-e"/>
      </object_component>
      <object_component id="oc-3b">
         <name>.debug_info</name>
         <load_address>0x5d04</load_address>
         <run_address>0x5d04</run_address>
         <size>0x69e</size>
         <input_file_ref idref="fl-f"/>
      </object_component>
      <object_component id="oc-40">
         <name>.debug_info</name>
         <load_address>0x63a2</load_address>
         <run_address>0x63a2</run_address>
         <size>0x641</size>
         <input_file_ref idref="fl-10"/>
      </object_component>
      <object_component id="oc-43">
         <name>.debug_info</name>
         <load_address>0x69e3</load_address>
         <run_address>0x69e3</run_address>
         <size>0x6c9</size>
         <input_file_ref idref="fl-11"/>
      </object_component>
      <object_component id="oc-46">
         <name>.debug_info</name>
         <load_address>0x70ac</load_address>
         <run_address>0x70ac</run_address>
         <size>0x83f</size>
         <input_file_ref idref="fl-12"/>
      </object_component>
      <object_component id="oc-49">
         <name>.debug_info</name>
         <load_address>0x78eb</load_address>
         <run_address>0x78eb</run_address>
         <size>0x6b7</size>
         <input_file_ref idref="fl-13"/>
      </object_component>
      <object_component id="oc-4c">
         <name>.debug_info</name>
         <load_address>0x7fa2</load_address>
         <run_address>0x7fa2</run_address>
         <size>0x7ad</size>
         <input_file_ref idref="fl-14"/>
      </object_component>
      <object_component id="oc-4f">
         <name>.debug_info</name>
         <load_address>0x874f</load_address>
         <run_address>0x874f</run_address>
         <size>0xcb</size>
         <input_file_ref idref="fl-15"/>
      </object_component>
      <object_component id="oc-52">
         <name>.debug_info</name>
         <load_address>0x881a</load_address>
         <run_address>0x881a</run_address>
         <size>0x656</size>
         <input_file_ref idref="fl-16"/>
      </object_component>
      <object_component id="oc-55">
         <name>.debug_info</name>
         <load_address>0x8e70</load_address>
         <run_address>0x8e70</run_address>
         <size>0x641</size>
         <input_file_ref idref="fl-17"/>
      </object_component>
      <object_component id="oc-80">
         <name>.debug_info</name>
         <load_address>0x94b1</load_address>
         <run_address>0x94b1</run_address>
         <size>0x6e</size>
      </object_component>
      <object_component id="oc-14">
         <name>.debug_frame</name>
         <load_address>0x0</load_address>
         <run_address>0x0</run_address>
         <size>0x39e</size>
         <input_file_ref idref="fl-2"/>
      </object_component>
      <object_component id="oc-1a">
         <name>.debug_frame</name>
         <load_address>0x39e</load_address>
         <run_address>0x39e</run_address>
         <size>0x57a</size>
         <input_file_ref idref="fl-3"/>
      </object_component>
      <object_component id="oc-1e">
         <name>.debug_frame</name>
         <load_address>0x918</load_address>
         <run_address>0x918</run_address>
         <size>0x25d</size>
         <input_file_ref idref="fl-4"/>
      </object_component>
      <object_component id="oc-25">
         <name>.debug_frame</name>
         <load_address>0xb75</load_address>
         <run_address>0xb75</run_address>
         <size>0x259</size>
         <input_file_ref idref="fl-5"/>
      </object_component>
      <object_component id="oc-15">
         <name>.debug_line</name>
         <load_address>0x0</load_address>
         <run_address>0x0</run_address>
         <size>0x9c</size>
         <input_file_ref idref="fl-2"/>
      </object_component>
      <object_component id="oc-1b">
         <name>.debug_line</name>
         <load_address>0x9c</load_address>
         <run_address>0x9c</run_address>
         <size>0x64c</size>
         <input_file_ref idref="fl-3"/>
      </object_component>
      <object_component id="oc-1f">
         <name>.debug_line</name>
         <load_address>0x6e8</load_address>
         <run_address>0x6e8</run_address>
         <size>0x40</size>
         <input_file_ref idref="fl-4"/>
      </object_component>
      <object_component id="oc-26">
         <name>.debug_line</name>
         <load_address>0x728</load_address>
         <run_address>0x728</run_address>
         <size>0x40</size>
         <input_file_ref idref="fl-5"/>
      </object_component>
      <object_component id="oc-2a">
         <name>.debug_line</name>
         <load_address>0x768</load_address>
         <run_address>0x768</run_address>
         <size>0xb9</size>
         <input_file_ref idref="fl-6"/>
      </object_component>
      <object_component id="oc-2e">
         <name>.debug_line</name>
         <load_address>0x821</load_address>
         <run_address>0x821</run_address>
         <size>0x3d</size>
         <input_file_ref idref="fl-b"/>
      </object_component>
      <object_component id="oc-31">
         <name>.debug_line</name>
         <load_address>0x85e</load_address>
         <run_address>0x85e</run_address>
         <size>0x3c</size>
         <input_file_ref idref="fl-c"/>
      </object_component>
      <object_component id="oc-34">
         <name>.debug_line</name>
         <load_address>0x89a</load_address>
         <run_address>0x89a</run_address>
         <size>0x44</size>
         <input_file_ref idref="fl-d"/>
      </object_component>
      <object_component id="oc-39">
         <name>.debug_line</name>
         <load_address>0x8de</load_address>
         <run_address>0x8de</run_address>
         <size>0x4f</size>
         <input_file_ref idref="fl-e"/>
      </object_component>
      <object_component id="oc-3e">
         <name>.debug_line</name>
         <load_address>0x92d</load_address>
         <run_address>0x92d</run_address>
         <size>0x3c</size>
         <input_file_ref idref="fl-f"/>
      </object_component>
      <object_component id="oc-41">
         <name>.debug_line</name>
         <load_address>0x969</load_address>
         <run_address>0x969</run_address>
         <size>0x39</size>
         <input_file_ref idref="fl-10"/>
      </object_component>
      <object_component id="oc-44">
         <name>.debug_line</name>
         <load_address>0x9a2</load_address>
         <run_address>0x9a2</run_address>
         <size>0x3f</size>
         <input_file_ref idref="fl-11"/>
      </object_component>
      <object_component id="oc-47">
         <name>.debug_line</name>
         <load_address>0x9e1</load_address>
         <run_address>0x9e1</run_address>
         <size>0x49</size>
         <input_file_ref idref="fl-12"/>
      </object_component>
      <object_component id="oc-4a">
         <name>.debug_line</name>
         <load_address>0xa2a</load_address>
         <run_address>0xa2a</run_address>
         <size>0x45</size>
         <input_file_ref idref="fl-13"/>
      </object_component>
      <object_component id="oc-4d">
         <name>.debug_line</name>
         <load_address>0xa6f</load_address>
         <run_address>0xa6f</run_address>
         <size>0x44</size>
         <input_file_ref idref="fl-14"/>
      </object_component>
      <object_component id="oc-50">
         <name>.debug_line</name>
         <load_address>0xab3</load_address>
         <run_address>0xab3</run_address>
         <size>0x4a</size>
         <input_file_ref idref="fl-15"/>
      </object_component>
      <object_component id="oc-53">
         <name>.debug_line</name>
         <load_address>0xafd</load_address>
         <run_address>0xafd</run_address>
         <size>0x38</size>
         <input_file_ref idref="fl-16"/>
      </object_component>
      <object_component id="oc-56">
         <name>.debug_line</name>
         <load_address>0xb35</load_address>
         <run_address>0xb35</run_address>
         <size>0x39</size>
         <input_file_ref idref="fl-17"/>
      </object_component>
      <object_component id="oc-16">
         <name>.debug_abbrev</name>
         <load_address>0x0</load_address>
         <run_address>0x0</run_address>
         <size>0x16c</size>
         <input_file_ref idref="fl-2"/>
      </object_component>
      <object_component id="oc-1c">
         <name>.debug_abbrev</name>
         <load_address>0x16c</load_address>
         <run_address>0x16c</run_address>
         <size>0x1a5</size>
         <input_file_ref idref="fl-3"/>
      </object_component>
      <object_component id="oc-20">
         <name>.debug_abbrev</name>
         <load_address>0x311</load_address>
         <run_address>0x311</run_address>
         <size>0x85</size>
         <input_file_ref idref="fl-4"/>
      </object_component>
      <object_component id="oc-27">
         <name>.debug_abbrev</name>
         <load_address>0x396</load_address>
         <run_address>0x396</run_address>
         <size>0xba</size>
         <input_file_ref idref="fl-5"/>
      </object_component>
      <object_component id="oc-2b">
         <name>.debug_abbrev</name>
         <load_address>0x450</load_address>
         <run_address>0x450</run_address>
         <size>0x21</size>
         <input_file_ref idref="fl-6"/>
      </object_component>
      <object_component id="oc-2f">
         <name>.debug_abbrev</name>
         <load_address>0x471</load_address>
         <run_address>0x471</run_address>
         <size>0xfe</size>
         <input_file_ref idref="fl-b"/>
      </object_component>
      <object_component id="oc-32">
         <name>.debug_abbrev</name>
         <load_address>0x56f</load_address>
         <run_address>0x56f</run_address>
         <size>0xe7</size>
         <input_file_ref idref="fl-c"/>
      </object_component>
      <object_component id="oc-35">
         <name>.debug_abbrev</name>
         <load_address>0x656</load_address>
         <run_address>0x656</run_address>
         <size>0x3b</size>
         <input_file_ref idref="fl-d"/>
      </object_component>
      <object_component id="oc-3a">
         <name>.debug_abbrev</name>
         <load_address>0x691</load_address>
         <run_address>0x691</run_address>
         <size>0x119</size>
         <input_file_ref idref="fl-e"/>
      </object_component>
      <object_component id="oc-3f">
         <name>.debug_abbrev</name>
         <load_address>0x7aa</load_address>
         <run_address>0x7aa</run_address>
         <size>0xaf</size>
         <input_file_ref idref="fl-f"/>
      </object_component>
      <object_component id="oc-42">
         <name>.debug_abbrev</name>
         <load_address>0x859</load_address>
         <run_address>0x859</run_address>
         <size>0xaf</size>
         <input_file_ref idref="fl-10"/>
      </object_component>
      <object_component id="oc-45">
         <name>.debug_abbrev</name>
         <load_address>0x908</load_address>
         <run_address>0x908</run_address>
         <size>0xe1</size>
         <input_file_ref idref="fl-11"/>
      </object_component>
      <object_component id="oc-48">
         <name>.debug_abbrev</name>
         <load_address>0x9e9</load_address>
         <run_address>0x9e9</run_address>
         <size>0x13f</size>
         <input_file_ref idref="fl-12"/>
      </object_component>
      <object_component id="oc-4b">
         <name>.debug_abbrev</name>
         <load_address>0xb28</load_address>
         <run_address>0xb28</run_address>
         <size>0xdd</size>
         <input_file_ref idref="fl-13"/>
      </object_component>
      <object_component id="oc-4e">
         <name>.debug_abbrev</name>
         <load_address>0xc05</load_address>
         <run_address>0xc05</run_address>
         <size>0x10c</size>
         <input_file_ref idref="fl-14"/>
      </object_component>
      <object_component id="oc-51">
         <name>.debug_abbrev</name>
         <load_address>0xd11</load_address>
         <run_address>0xd11</run_address>
         <size>0x3b</size>
         <input_file_ref idref="fl-15"/>
      </object_component>
      <object_component id="oc-54">
         <name>.debug_abbrev</name>
         <load_address>0xd4c</load_address>
         <run_address>0xd4c</run_address>
         <size>0xa1</size>
         <input_file_ref idref="fl-16"/>
      </object_component>
      <object_component id="oc-57">
         <name>.debug_abbrev</name>
         <load_address>0xded</load_address>
         <run_address>0xded</run_address>
         <size>0xaf</size>
         <input_file_ref idref="fl-17"/>
      </object_component>
      <object_component id="oc-81">
         <name>.debug_abbrev</name>
         <load_address>0xe9c</load_address>
         <run_address>0xe9c</run_address>
         <size>0xd</size>
      </object_component>
   </object_component_list>
   <logical_group_list>
      <logical_group id="lg-2">
         <name>vectors</name>
         <load_address>0x11800000</load_address>
         <run_address>0x11800000</run_address>
         <size>0x200</size>
         <contents>
            <object_component_ref idref="oc-28"/>
         </contents>
      </logical_group>
      <logical_group id="lg-3">
         <name>.bss</name>
         <run_address>0x11802a44</run_address>
         <size>0x2c</size>
         <contents>
            <object_component_ref idref="oc-f"/>
            <object_component_ref idref="oc-17"/>
            <object_component_ref idref="oc-21"/>
         </contents>
      </logical_group>
      <logical_group id="lg-4">
         <name>.cinit</name>
         <load_address>0x11802948</load_address>
         <run_address>0x11802948</run_address>
         <size>0xfc</size>
         <contents>
            <object_component_ref idref="oc-11"/>
            <object_component_ref idref="oc-23"/>
            <object_component_ref idref="oc-37"/>
            <object_component_ref idref="oc-3c"/>
            <object_component_ref idref="oc-19"/>
         </contents>
      </logical_group>
      <logical_group id="lg-5">
         <name>.cio</name>
         <run_address>0x0</run_address>
         <size>0x0</size>
         <contents>
         </contents>
      </logical_group>
      <logical_group id="lg-6">
         <name>.const</name>
         <run_address>0x0</run_address>
         <size>0x0</size>
         <contents>
         </contents>
      </logical_group>
      <logical_group id="lg-7">
         <name>.stack</name>
         <run_address>0x11802548</run_address>
         <size>0x400</size>
         <contents>
            <object_component_ref idref="oc-2d"/>
            <object_component_ref idref="oc-7f"/>
         </contents>
      </logical_group>
      <logical_group id="lg-8">
         <name>.sysmem</name>
         <run_address>0x0</run_address>
         <size>0x0</size>
         <contents>
         </contents>
      </logical_group>
      <logical_group id="lg-9">
         <name>.text</name>
         <load_address>0x11800200</load_address>
         <run_address>0x11800200</run_address>
         <size>0x1ce0</size>
         <contents>
            <object_component_ref idref="oc-5b"/>
            <object_component_ref idref="oc-13"/>
            <object_component_ref idref="oc-5c"/>
            <object_component_ref idref="oc-66"/>
            <object_component_ref idref="oc-58"/>
            <object_component_ref idref="oc-63"/>
            <object_component_ref idref="oc-5a"/>
            <object_component_ref idref="oc-5d"/>
            <object_component_ref idref="oc-5e"/>
            <object_component_ref idref="oc-68"/>
            <object_component_ref idref="oc-e"/>
            <object_component_ref idref="oc-65"/>
            <object_component_ref idref="oc-5f"/>
            <object_component_ref idref="oc-69"/>
            <object_component_ref idref="oc-59"/>
            <object_component_ref idref="oc-64"/>
            <object_component_ref idref="oc-67"/>
            <object_component_ref idref="oc-61"/>
            <object_component_ref idref="oc-60"/>
         </contents>
      </logical_group>
      <logical_group id="lg-a">
         <name>.switch</name>
         <load_address>0x11802a70</load_address>
         <run_address>0x11802a70</run_address>
         <size>0x18</size>
         <contents>
            <object_component_ref idref="oc-62"/>
         </contents>
      </logical_group>
      <logical_group id="lg-b">
         <name>.far</name>
         <run_address>0x11801ee0</run_address>
         <size>0x664</size>
         <contents>
            <object_component_ref idref="oc-12"/>
            <object_component_ref idref="oc-24"/>
            <object_component_ref idref="oc-38"/>
            <object_component_ref idref="oc-3d"/>
         </contents>
      </logical_group>
      <logical_group id="lg-c">
         <name>SHARED_SRAM</name>
         <run_address>0x0</run_address>
         <size>0x0</size>
         <contents>
         </contents>
      </logical_group>
      <logical_group id="lg-d">
         <name>CE0</name>
         <run_address>0x0</run_address>
         <size>0x0</size>
         <contents>
         </contents>
      </logical_group>
      <logical_group id="lg-76">
         <name>.debug_info</name>
         <load_address>0x0</load_address>
         <run_address>0x0</run_address>
         <size>0x951f</size>
         <contents>
            <object_component_ref idref="oc-10"/>
            <object_component_ref idref="oc-18"/>
            <object_component_ref idref="oc-1d"/>
            <object_component_ref idref="oc-22"/>
            <object_component_ref idref="oc-29"/>
            <object_component_ref idref="oc-2c"/>
            <object_component_ref idref="oc-30"/>
            <object_component_ref idref="oc-33"/>
            <object_component_ref idref="oc-36"/>
            <object_component_ref idref="oc-3b"/>
            <object_component_ref idref="oc-40"/>
            <object_component_ref idref="oc-43"/>
            <object_component_ref idref="oc-46"/>
            <object_component_ref idref="oc-49"/>
            <object_component_ref idref="oc-4c"/>
            <object_component_ref idref="oc-4f"/>
            <object_component_ref idref="oc-52"/>
            <object_component_ref idref="oc-55"/>
            <object_component_ref idref="oc-80"/>
         </contents>
      </logical_group>
      <logical_group id="lg-78">
         <name>.debug_frame</name>
         <load_address>0x0</load_address>
         <run_address>0x0</run_address>
         <size>0xdce</size>
         <contents>
            <object_component_ref idref="oc-14"/>
            <object_component_ref idref="oc-1a"/>
            <object_component_ref idref="oc-1e"/>
            <object_component_ref idref="oc-25"/>
         </contents>
      </logical_group>
      <logical_group id="lg-7a">
         <name>.debug_line</name>
         <load_address>0x0</load_address>
         <run_address>0x0</run_address>
         <size>0xb6e</size>
         <contents>
            <object_component_ref idref="oc-15"/>
            <object_component_ref idref="oc-1b"/>
            <object_component_ref idref="oc-1f"/>
            <object_component_ref idref="oc-26"/>
            <object_component_ref idref="oc-2a"/>
            <object_component_ref idref="oc-2e"/>
            <object_component_ref idref="oc-31"/>
            <object_component_ref idref="oc-34"/>
            <object_component_ref idref="oc-39"/>
            <object_component_ref idref="oc-3e"/>
            <object_component_ref idref="oc-41"/>
            <object_component_ref idref="oc-44"/>
            <object_component_ref idref="oc-47"/>
            <object_component_ref idref="oc-4a"/>
            <object_component_ref idref="oc-4d"/>
            <object_component_ref idref="oc-50"/>
            <object_component_ref idref="oc-53"/>
            <object_component_ref idref="oc-56"/>
         </contents>
      </logical_group>
      <logical_group id="lg-7c">
         <name>.debug_abbrev</name>
         <load_address>0x0</load_address>
         <run_address>0x0</run_address>
         <size>0xea9</size>
         <contents>
            <object_component_ref idref="oc-16"/>
            <object_component_ref idref="oc-1c"/>
            <object_component_ref idref="oc-20"/>
            <object_component_ref idref="oc-27"/>
            <object_component_ref idref="oc-2b"/>
            <object_component_ref idref="oc-2f"/>
            <object_component_ref idref="oc-32"/>
            <object_component_ref idref="oc-35"/>
            <object_component_ref idref="oc-3a"/>
            <object_component_ref idref="oc-3f"/>
            <object_component_ref idref="oc-42"/>
            <object_component_ref idref="oc-45"/>
            <object_component_ref idref="oc-48"/>
            <object_component_ref idref="oc-4b"/>
            <object_component_ref idref="oc-4e"/>
            <object_component_ref idref="oc-51"/>
            <object_component_ref idref="oc-54"/>
            <object_component_ref idref="oc-57"/>
            <object_component_ref idref="oc-81"/>
         </contents>
      </logical_group>
   </logical_group_list>
   <placement_map>
      <memory_area>
         <name>VECTORS</name>
         <page_id>0x0</page_id>
         <origin>0x11800000</origin>
         <length>0x200</length>
         <used_space>0x200</used_space>
         <unused_space>0x0</unused_space>
         <attributes>RWIX</attributes>
         <usage_details>
            <allocated_space>
               <start_address>0x11800000</start_address>
               <size>0x200</size>
               <logical_group_ref idref="lg-2"/>
            </allocated_space>
         </usage_details>
      </memory_area>
      <memory_area>
         <name>DSPRAM</name>
         <page_id>0x0</page_id>
         <origin>0x11800200</origin>
         <length>0x3fe00</length>
         <used_space>0x2884</used_space>
         <unused_space>0x3d57c</unused_space>
         <attributes>RWIX</attributes>
         <usage_details>
            <allocated_space>
               <start_address>0x11800200</start_address>
               <size>0x1ce0</size>
               <logical_group_ref idref="lg-9"/>
            </allocated_space>
            <allocated_space>
               <start_address>0x11801ee0</start_address>
               <size>0x664</size>
               <logical_group_ref idref="lg-b"/>
            </allocated_space>
            <available_space>
               <start_address>0x11802544</start_address>
               <size>0x4</size>
            </available_space>
            <allocated_space>
               <start_address>0x11802548</start_address>
               <size>0x400</size>
               <logical_group_ref idref="lg-7"/>
            </allocated_space>
            <allocated_space>
               <start_address>0x11802948</start_address>
               <size>0xfc</size>
               <logical_group_ref idref="lg-4"/>
            </allocated_space>
            <allocated_space>
               <start_address>0x11802a44</start_address>
               <size>0x2c</size>
               <logical_group_ref idref="lg-3"/>
            </allocated_space>
            <allocated_space>
               <start_address>0x11802a70</start_address>
               <size>0x18</size>
               <logical_group_ref idref="lg-a"/>
            </allocated_space>
            <available_space>
               <start_address>0x11802a88</start_address>
               <size>0x3d578</size>
            </available_space>
         </usage_details>
      </memory_area>
      <memory_area>
         <name>SHAREDRAM</name>
         <page_id>0x0</page_id>
         <origin>0x80000000</origin>
         <length>0x20000</length>
         <used_space>0x0</used_space>
         <unused_space>0x20000</unused_space>
         <attributes>RWIX</attributes>
         <usage_details>
         </usage_details>
      </memory_area>
      <memory_area>
         <name>SDRAM</name>
         <page_id>0x0</page_id>
         <origin>0xc0000000</origin>
         <length>0x8000000</length>
         <used_space>0x0</used_space>
         <unused_space>0x8000000</unused_space>
         <attributes>RWIX</attributes>
         <usage_details>
         </usage_details>
      </memory_area>
   </placement_map>
   <symbol_table>
      <symbol id="sm-0">
         <name>cinit</name>
         <value>0x11802948</value>
      </symbol>
      <symbol id="sm-1">
         <name>___cinit__</name>
         <value>0x11802948</value>
      </symbol>
      <symbol id="sm-2">
         <name>pinit</name>
         <value>0xffffffff</value>
      </symbol>
      <symbol id="sm-3">
         <name>___pinit__</name>
         <value>0xffffffff</value>
      </symbol>
      <symbol id="sm-4">
         <name>binit</name>
         <value>0xffffffff</value>
      </symbol>
      <symbol id="sm-5">
         <name>___binit__</name>
         <value>0xffffffff</value>
      </symbol>
      <symbol id="sm-6">
         <name>__STACK_SIZE</name>
         <value>0x400</value>
      </symbol>
      <symbol id="sm-7">
         <name>__STACK_END</name>
         <value>0x11802948</value>
      </symbol>
      <symbol id="sm-8">
         <name>___c_args__</name>
         <value>0xffffffff</value>
      </symbol>
      <symbol id="sm-9">
         <name>.text</name>
         <value>0x11800200</value>
      </symbol>
      <symbol id="sm-a">
         <name>___text__</name>
         <value>0x11800200</value>
      </symbol>
      <symbol id="sm-b">
         <name>etext</name>
         <value>0x11801ee0</value>
      </symbol>
      <symbol id="sm-c">
         <name>___etext__</name>
         <value>0x11801ee0</value>
      </symbol>
      <symbol id="sm-d">
         <name>.bss</name>
         <value>0x11802a44</value>
      </symbol>
      <symbol id="sm-e">
         <name>___bss__</name>
         <value>0x11802a44</value>
      </symbol>
      <symbol id="sm-f">
         <name>end</name>
         <value>0x11802a70</value>
      </symbol>
      <symbol id="sm-10">
         <name>___end__</name>
         <value>0x11802a70</value>
      </symbol>
      <symbol id="sm-11">
         <name>___TI_pprof_out_hndl</name>
         <value>0xffffffff</value>
      </symbol>
      <symbol id="sm-12">
         <name>___TI_prof_data_start</name>
         <value>0xffffffff</value>
      </symbol>
      <symbol id="sm-13">
         <name>___TI_prof_data_size</name>
         <value>0xffffffff</value>
      </symbol>
      <symbol id="sm-14">
         <name>$bss</name>
         <value>0x11802a44</value>
      </symbol>
      <symbol id="sm-62">
         <name>_Codec_ISR</name>
         <value>0x11800fc0</value>
         <object_component_ref idref="oc-13"/>
      </symbol>
      <symbol id="sm-63">
         <name>_FillSineTable</name>
         <value>0x11801d00</value>
         <object_component_ref idref="oc-65"/>
      </symbol>
      <symbol id="sm-64">
         <name>_CodecDataIn</name>
         <value>0x11802390</value>
         <object_component_ref idref="oc-12"/>
      </symbol>
      <symbol id="sm-65">
         <name>_itr</name>
         <value>0x11802a50</value>
         <object_component_ref idref="oc-f"/>
      </symbol>
      <symbol id="sm-66">
         <name>_f3</name>
         <value>0x11802a4c</value>
         <object_component_ref idref="oc-f"/>
      </symbol>
      <symbol id="sm-67">
         <name>_f2</name>
         <value>0x11802a48</value>
         <object_component_ref idref="oc-f"/>
      </symbol>
      <symbol id="sm-68">
         <name>_f1</name>
         <value>0x11802a44</value>
         <object_component_ref idref="oc-f"/>
      </symbol>
      <symbol id="sm-69">
         <name>_CodecDataOut</name>
         <value>0x11802394</value>
         <object_component_ref idref="oc-12"/>
      </symbol>
      <symbol id="sm-6a">
         <name>_SineTable</name>
         <value>0x11802398</value>
         <object_component_ref idref="oc-12"/>
      </symbol>
      <symbol id="sm-132">
         <name>_CheckForOverrun</name>
         <value>0x11800674</value>
         <object_component_ref idref="oc-5b"/>
      </symbol>
      <symbol id="sm-133">
         <name>_Reset_I2C</name>
         <value>0x11800528</value>
         <object_component_ref idref="oc-5b"/>
      </symbol>
      <symbol id="sm-134">
         <name>_Init_McASP0</name>
         <value>0x11800a98</value>
         <object_component_ref idref="oc-5b"/>
      </symbol>
      <symbol id="sm-135">
         <name>_SetSampleRate_AIC3106</name>
         <value>0x11800950</value>
         <object_component_ref idref="oc-5b"/>
      </symbol>
      <symbol id="sm-136">
         <name>_Read_UART2</name>
         <value>0x11800f48</value>
         <object_component_ref idref="oc-5b"/>
      </symbol>
      <symbol id="sm-137">
         <name>_Puts_UART2</name>
         <value>0x11800f08</value>
         <object_component_ref idref="oc-5b"/>
      </symbol>
      <symbol id="sm-138">
         <name>_Init_AIC3106</name>
         <value>0x118006a4</value>
         <object_component_ref idref="oc-5b"/>
      </symbol>
      <symbol id="sm-139">
         <name>_WriteDigitalOutputs</name>
         <value>0x118003b0</value>
         <object_component_ref idref="oc-5b"/>
      </symbol>
      <symbol id="sm-13a">
         <name>_wait</name>
         <value>0x11800498</value>
         <object_component_ref idref="oc-5b"/>
      </symbol>
      <symbol id="sm-13b">
         <name>_Init_UART2</name>
         <value>0x11800e28</value>
         <object_component_ref idref="oc-5b"/>
      </symbol>
      <symbol id="sm-13c">
         <name>_Reset_AIC3106</name>
         <value>0x11800928</value>
         <object_component_ref idref="oc-5b"/>
      </symbol>
      <symbol id="sm-13d">
         <name>_DSP_Init</name>
         <value>0x11800208</value>
         <object_component_ref idref="oc-5b"/>
      </symbol>
      <symbol id="sm-13e">
         <name>_IsDataReady_UART2</name>
         <value>0x11800f68</value>
         <object_component_ref idref="oc-5b"/>
      </symbol>
      <symbol id="sm-13f">
         <name>_IsTxReady_UART2</name>
         <value>0x11800f8c</value>
         <object_component_ref idref="oc-5b"/>
      </symbol>
      <symbol id="sm-140">
         <name>_Init_Interrupts_EDMA</name>
         <value>0x11800448</value>
         <object_component_ref idref="oc-5b"/>
      </symbol>
      <symbol id="sm-141">
         <name>_AIC3106_write_reg</name>
         <value>0x118008ec</value>
         <object_component_ref idref="oc-5b"/>
      </symbol>
      <symbol id="sm-142">
         <name>_WriteLEDs</name>
         <value>0x118002a8</value>
         <object_component_ref idref="oc-5b"/>
      </symbol>
      <symbol id="sm-143">
         <name>_Init_I2C</name>
         <value>0x118004cc</value>
         <object_component_ref idref="oc-5b"/>
      </symbol>
      <symbol id="sm-144">
         <name>_InitDigitalOutputs</name>
         <value>0x118003a4</value>
         <object_component_ref idref="oc-5b"/>
      </symbol>
      <symbol id="sm-145">
         <name>_InitLEDs</name>
         <value>0x11800248</value>
         <object_component_ref idref="oc-5b"/>
      </symbol>
      <symbol id="sm-146">
         <name>_WriteCodecData</name>
         <value>0x11800650</value>
         <object_component_ref idref="oc-5b"/>
      </symbol>
      <symbol id="sm-147">
         <name>_ReadSwitches</name>
         <value>0x1180038c</value>
         <object_component_ref idref="oc-5b"/>
      </symbol>
      <symbol id="sm-148">
         <name>_DSP_Init_EDMA</name>
         <value>0x11800228</value>
         <object_component_ref idref="oc-5b"/>
      </symbol>
      <symbol id="sm-149">
         <name>_Write_I2C</name>
         <value>0x11800548</value>
         <object_component_ref idref="oc-5b"/>
      </symbol>
      <symbol id="sm-14a">
         <name>_Write_UART2</name>
         <value>0x11800ee0</value>
         <object_component_ref idref="oc-5b"/>
      </symbol>
      <symbol id="sm-14b">
         <name>_ReadCodecData</name>
         <value>0x1180062c</value>
         <object_component_ref idref="oc-5b"/>
      </symbol>
      <symbol id="sm-14c">
         <name>_EnableInterrupts</name>
         <value>0x1180040c</value>
         <object_component_ref idref="oc-5b"/>
      </symbol>
      <symbol id="sm-14d">
         <name>_Init_Interrupts</name>
         <value>0x118003c8</value>
         <object_component_ref idref="oc-5b"/>
      </symbol>
      <symbol id="sm-14e">
         <name>_GetSampleFreq</name>
         <value>0x11800200</value>
         <object_component_ref idref="oc-5b"/>
      </symbol>
      <symbol id="sm-14f">
         <name>_EnableInterrupts_EDMA</name>
         <value>0x11800458</value>
         <object_component_ref idref="oc-5b"/>
      </symbol>
      <symbol id="sm-158">
         <name>_StartUp</name>
         <value>0x11801e60</value>
         <object_component_ref idref="oc-64"/>
      </symbol>
      <symbol id="sm-16d">
         <name>_main</name>
         <value>0x11801ec0</value>
         <object_component_ref idref="oc-60"/>
      </symbol>
      <symbol id="sm-16e">
         <name>_GUI_out</name>
         <value>0x11801ee0</value>
         <object_component_ref idref="oc-24"/>
      </symbol>
      <symbol id="sm-16f">
         <name>_gamma</name>
         <value>0x11802a68</value>
         <object_component_ref idref="oc-21"/>
      </symbol>
      <symbol id="sm-170">
         <name>_alpha</name>
         <value>0x11802a60</value>
         <object_component_ref idref="oc-21"/>
      </symbol>
      <symbol id="sm-171">
         <name>_beta</name>
         <value>0x11802a64</value>
         <object_component_ref idref="oc-21"/>
      </symbol>
      <symbol id="sm-197">
         <name>_c_int00</name>
         <value>0x11801c80</value>
         <object_component_ref idref="oc-e"/>
      </symbol>
      <symbol id="sm-198">
         <name>__stack</name>
         <value>0x11802548</value>
         <object_component_ref idref="oc-2d"/>
      </symbol>
      <symbol id="sm-1a8">
         <name>__divf</name>
         <value>0x118013c0</value>
         <object_component_ref idref="oc-5c"/>
      </symbol>
      <symbol id="sm-1b1">
         <name>__c6xabi_divu</name>
         <value>0x11801940</value>
         <object_component_ref idref="oc-63"/>
      </symbol>
      <symbol id="sm-1b2">
         <name>__divu</name>
         <value>0x11801940</value>
         <object_component_ref idref="oc-63"/>
      </symbol>
      <symbol id="sm-1c9">
         <name>C$$EXIT</name>
         <value>0x11801ea0</value>
         <object_component_ref idref="oc-61"/>
      </symbol>
      <symbol id="sm-1ca">
         <name>_exit</name>
         <value>0x11801a00</value>
         <object_component_ref idref="oc-5a"/>
      </symbol>
      <symbol id="sm-1cb">
         <name>___TI_enable_exit_profile_output</name>
         <value>0x11802540</value>
         <object_component_ref idref="oc-38"/>
      </symbol>
      <symbol id="sm-1cc">
         <name>_abort</name>
         <value>0x11801ea0</value>
         <object_component_ref idref="oc-61"/>
      </symbol>
      <symbol id="sm-1cd">
         <name>__cleanup_ptr</name>
         <value>0x11802538</value>
         <object_component_ref idref="oc-38"/>
      </symbol>
      <symbol id="sm-1ce">
         <name>__dtors_ptr</name>
         <value>0x1180253c</value>
         <object_component_ref idref="oc-38"/>
      </symbol>
      <symbol id="sm-1e2">
         <name>_sinf</name>
         <value>0x11801640</value>
         <object_component_ref idref="oc-66"/>
      </symbol>
      <symbol id="sm-1ec">
         <name>__truncf</name>
         <value>0x11801e80</value>
         <object_component_ref idref="oc-67"/>
      </symbol>
      <symbol id="sm-1f6">
         <name>__args_main</name>
         <value>0x11801e20</value>
         <object_component_ref idref="oc-59"/>
      </symbol>
      <symbol id="sm-1f7">
         <name>__TI_args_main</name>
         <value>0x1</value>
      </symbol>
      <symbol id="sm-206">
         <name>__auto_init</name>
         <value>0x11801880</value>
         <object_component_ref idref="oc-58"/>
      </symbol>
      <symbol id="sm-213">
         <name>___TI_cpp_init</name>
         <value>0x11801d60</value>
         <object_component_ref idref="oc-5f"/>
      </symbol>
      <symbol id="sm-221">
         <name>_copy_in</name>
         <value>0x11801ac0</value>
         <object_component_ref idref="oc-5d"/>
      </symbol>
      <symbol id="sm-229">
         <name>_memcpy</name>
         <value>0x11801b60</value>
         <object_component_ref idref="oc-5e"/>
      </symbol>
      <symbol id="sm-234">
         <name>_modff</name>
         <value>0x11801dc0</value>
         <object_component_ref idref="oc-69"/>
      </symbol>
      <symbol id="sm-23e">
         <name>__roundf</name>
         <value>0x11801c00</value>
         <object_component_ref idref="oc-68"/>
      </symbol>
   </symbol_table>
</link_info>
