******************************************************************************
               TMS320C6x Linker PC v7.4.14                     
******************************************************************************
>> Linked Wed Apr 04 17:36:56 2018

OUTPUT FILE NAME:   <lab1_problem5.out>
ENTRY POINT SYMBOL: "_c_int00"  address: 11801900


MEMORY CONFIGURATION

         name            origin    length      used     unused   attr    fill
----------------------  --------  ---------  --------  --------  ----  --------
  VECTORS               11800000   00000200  00000200  00000000  RWIX
  DSPRAM                11800200   0003fe00  00002300  0003db00  RWIX
  SHAREDRAM             80000000   00020000  00000000  00020000  RWIX
  SDRAM                 c0000000   08000000  00000000  08000000  RWIX


SECTION ALLOCATION MAP

 output                                  attributes/
section   page    origin      length       input sections
--------  ----  ----------  ----------   ----------------
vectors    0    11800000    00000200     
                  11800000    00000200     vectors.obj (vectors)

.text      0    11800200    00001880     
                  11800200    00000dc0     LCDK_Support_DSP.obj (.text)
                  11800fc0    00000340     ISRs.obj (.text:retain)
                  11801300    00000280     rts6740.lib : divf.obj (.text:__divf)
                  11801580    000000c0                 : autoinit.obj (.text:__auto_init)
                  11801640    000000c0                 : divu.obj (.text:__divu)
                  11801700    000000c0                 : exit.obj (.text:_exit)
                  118017c0    000000a0                 : cpy_tbl.obj (.text:_copy_in)
                  11801860    000000a0                 : memcpy64.obj (.text:_memcpy)
                  11801900    00000080                 : boot.obj (.text:_c_int00)
                  11801980    00000060                 : cpp_init.obj (.text:___TI_cpp_init)
                  118019e0    00000040                 : args_main.obj (.text:__args_main)
                  11801a20    00000020     StartUp.obj (.text)
                  11801a40    00000020     rts6740.lib : exit.obj (.text:_abort)
                  11801a60    00000020     main.obj (.text)

.far       0    11801a80    0000053c     UNINITIALIZED
                  11801a80    000004b0     main.obj (.far)
                  11801f30    00000080     ISRs.obj (.far)
                  11801fb0    0000000c     rts6740.lib : exit.obj (.far)

.stack     0    11801fc0    00000400     UNINITIALIZED
                  11801fc0    00000008     rts6740.lib : boot.obj (.stack)
                  11801fc8    000003f8     --HOLE--

.cinit     0    118023c0    00000114     
                  118023c0    000000cc     ISRs.obj (.cinit)
                  1180248c    00000004     --HOLE-- [fill = 0]
                  11802490    0000002c     rts6740.lib : exit.obj (.cinit)
                  118024bc    00000004     --HOLE-- [fill = 0]
                  118024c0    0000000c     LCDK_Support_DSP.obj (.cinit)
                  118024cc    00000004     --HOLE-- [fill = 0]
                  118024d0    00000004     (.pad.cinit) [fill = 0]

.bss       0    118024d4    00000018     UNINITIALIZED
                  118024d4    00000014     ISRs.obj (.bss)
                  118024e8    00000004     LCDK_Support_DSP.obj (.bss)

.switch    0    118024ec    00000018     
                  118024ec    00000018     LCDK_Support_DSP.obj (.switch:_SetSampleRate_AIC3106)


GLOBAL SYMBOLS: SORTED ALPHABETICALLY BY Name 

address    name
--------   ----
118024d4   $bss
118024d4   .bss
11800200   .text
11801a40   C$$EXIT
118008ec   _AIC3106_write_reg
11800674   _CheckForOverrun
11801f30   _CodecDataIn
11801f34   _CodecDataOut
11800fc0   _Codec_ISR
11800208   _DSP_Init
11800228   _DSP_Init_EDMA
1180040c   _EnableInterrupts
11800458   _EnableInterrupts_EDMA
11801a80   _GUI_out
11800200   _GetSampleFreq
118003a4   _InitDigitalOutputs
11800248   _InitLEDs
118006a4   _Init_AIC3106
118004cc   _Init_I2C
118003c8   _Init_Interrupts
11800448   _Init_Interrupts_EDMA
11800a98   _Init_McASP0
11800e28   _Init_UART2
11800f68   _IsDataReady_UART2
11800f8c   _IsTxReady_UART2
11800f08   _Puts_UART2
1180062c   _ReadCodecData
1180038c   _ReadSwitches
11800f48   _Read_UART2
11800928   _Reset_AIC3106
11800528   _Reset_I2C
11800950   _SetSampleRate_AIC3106
11801f38   _SineTable
11801a20   _StartUp
11800650   _WriteCodecData
118003b0   _WriteDigitalOutputs
118002a8   _WriteLEDs
11800548   _Write_I2C
11800ee0   _Write_UART2
118023c0   __STACK_END
00000400   __STACK_SIZE
00000001   __TI_args_main
11801980   ___TI_cpp_init
11801fb8   ___TI_enable_exit_profile_output
ffffffff   ___TI_pprof_out_hndl
ffffffff   ___TI_prof_data_size
ffffffff   ___TI_prof_data_start
ffffffff   ___binit__
118024d4   ___bss__
ffffffff   ___c_args__
118023c0   ___cinit__
118024ec   ___end__
11801a80   ___etext__
ffffffff   ___pinit__
11800200   ___text__
118019e0   __args_main
11801580   __auto_init
11801640   __c6xabi_divu
11801fb0   __cleanup_ptr
11801300   __divf
11801640   __divu
11801fb4   __dtors_ptr
11801fc0   __stack
11801a40   _abort
118024dc   _bias
11801900   _c_int00
118017c0   _copy_in
118024d4   _desiredFreq
11801700   _exit
118024e0   _gain
118024d8   _itr
11801a60   _main
11801860   _memcpy
11800498   _wait
ffffffff   binit
118023c0   cinit
118024ec   end
11801a80   etext
ffffffff   pinit


GLOBAL SYMBOLS: SORTED BY Symbol Address 

address    name
--------   ----
00000001   __TI_args_main
00000400   __STACK_SIZE
11800200   .text
11800200   _GetSampleFreq
11800200   ___text__
11800208   _DSP_Init
11800228   _DSP_Init_EDMA
11800248   _InitLEDs
118002a8   _WriteLEDs
1180038c   _ReadSwitches
118003a4   _InitDigitalOutputs
118003b0   _WriteDigitalOutputs
118003c8   _Init_Interrupts
1180040c   _EnableInterrupts
11800448   _Init_Interrupts_EDMA
11800458   _EnableInterrupts_EDMA
11800498   _wait
118004cc   _Init_I2C
11800528   _Reset_I2C
11800548   _Write_I2C
1180062c   _ReadCodecData
11800650   _WriteCodecData
11800674   _CheckForOverrun
118006a4   _Init_AIC3106
118008ec   _AIC3106_write_reg
11800928   _Reset_AIC3106
11800950   _SetSampleRate_AIC3106
11800a98   _Init_McASP0
11800e28   _Init_UART2
11800ee0   _Write_UART2
11800f08   _Puts_UART2
11800f48   _Read_UART2
11800f68   _IsDataReady_UART2
11800f8c   _IsTxReady_UART2
11800fc0   _Codec_ISR
11801300   __divf
11801580   __auto_init
11801640   __c6xabi_divu
11801640   __divu
11801700   _exit
118017c0   _copy_in
11801860   _memcpy
11801900   _c_int00
11801980   ___TI_cpp_init
118019e0   __args_main
11801a20   _StartUp
11801a40   C$$EXIT
11801a40   _abort
11801a60   _main
11801a80   _GUI_out
11801a80   ___etext__
11801a80   etext
11801f30   _CodecDataIn
11801f34   _CodecDataOut
11801f38   _SineTable
11801fb0   __cleanup_ptr
11801fb4   __dtors_ptr
11801fb8   ___TI_enable_exit_profile_output
11801fc0   __stack
118023c0   __STACK_END
118023c0   ___cinit__
118023c0   cinit
118024d4   $bss
118024d4   .bss
118024d4   ___bss__
118024d4   _desiredFreq
118024d8   _itr
118024dc   _bias
118024e0   _gain
118024ec   ___end__
118024ec   end
ffffffff   ___TI_pprof_out_hndl
ffffffff   ___TI_prof_data_size
ffffffff   ___TI_prof_data_start
ffffffff   ___binit__
ffffffff   ___c_args__
ffffffff   ___pinit__
ffffffff   binit
ffffffff   pinit

[79 symbols]
