<?xml version="1.0"?>
<link_info>
   <banner>TMS320C6x Linker PC v7.4.14</banner>
   <copyright>Copyright (c) 1996-2015 Texas Instruments Incorporated</copyright>
   <link_time>0x5abebd39</link_time>
   <output_file>lab1.out</output_file>
   <entry_point>
      <name>_c_int00</name>
      <address>0x118015c0</address>
   </entry_point>
   <input_file_list>
      <input_file id="fl-2">
         <path>.\</path>
         <kind>object</kind>
         <file>ISRs.obj</file>
         <name>ISRs.obj</name>
      </input_file>
      <input_file id="fl-3">
         <path>.\</path>
         <kind>object</kind>
         <file>LCDK_Support_DSP.obj</file>
         <name>LCDK_Support_DSP.obj</name>
      </input_file>
      <input_file id="fl-4">
         <path>.\</path>
         <kind>object</kind>
         <file>StartUp.obj</file>
         <name>StartUp.obj</name>
      </input_file>
      <input_file id="fl-5">
         <path>.\</path>
         <kind>object</kind>
         <file>main.obj</file>
         <name>main.obj</name>
      </input_file>
      <input_file id="fl-6">
         <path>.\</path>
         <kind>object</kind>
         <file>problem1.obj</file>
         <name>problem1.obj</name>
      </input_file>
      <input_file id="fl-7">
         <path>.\</path>
         <kind>object</kind>
         <file>problem2.obj</file>
         <name>problem2.obj</name>
      </input_file>
      <input_file id="fl-8">
         <path>.\</path>
         <kind>object</kind>
         <file>problem3.obj</file>
         <name>problem3.obj</name>
      </input_file>
      <input_file id="fl-9">
         <path>.\</path>
         <kind>object</kind>
         <file>problem4.obj</file>
         <name>problem4.obj</name>
      </input_file>
      <input_file id="fl-a">
         <path>.\</path>
         <kind>object</kind>
         <file>problem5.obj</file>
         <name>problem5.obj</name>
      </input_file>
      <input_file id="fl-b">
         <path>.\</path>
         <kind>object</kind>
         <file>vectors.obj</file>
         <name>vectors.obj</name>
      </input_file>
      <input_file id="fl-10">
         <path>C:\ti\ccsv6\tools\compiler\c6000_7.4.14\lib\</path>
         <kind>archive</kind>
         <file>rts6740.lib</file>
         <name>boot.obj</name>
      </input_file>
      <input_file id="fl-11">
         <path>C:\ti\ccsv6\tools\compiler\c6000_7.4.14\lib\</path>
         <kind>archive</kind>
         <file>rts6740.lib</file>
         <name>divu.obj</name>
      </input_file>
      <input_file id="fl-12">
         <path>C:\ti\ccsv6\tools\compiler\c6000_7.4.14\lib\</path>
         <kind>archive</kind>
         <file>rts6740.lib</file>
         <name>exit.obj</name>
      </input_file>
      <input_file id="fl-13">
         <path>C:\ti\ccsv6\tools\compiler\c6000_7.4.14\lib\</path>
         <kind>archive</kind>
         <file>rts6740.lib</file>
         <name>args_main.obj</name>
      </input_file>
      <input_file id="fl-14">
         <path>C:\ti\ccsv6\tools\compiler\c6000_7.4.14\lib\</path>
         <kind>archive</kind>
         <file>rts6740.lib</file>
         <name>autoinit.obj</name>
      </input_file>
      <input_file id="fl-15">
         <path>C:\ti\ccsv6\tools\compiler\c6000_7.4.14\lib\</path>
         <kind>archive</kind>
         <file>rts6740.lib</file>
         <name>cpp_init.obj</name>
      </input_file>
      <input_file id="fl-16">
         <path>C:\ti\ccsv6\tools\compiler\c6000_7.4.14\lib\</path>
         <kind>archive</kind>
         <file>rts6740.lib</file>
         <name>cpy_tbl.obj</name>
      </input_file>
      <input_file id="fl-17">
         <path>C:\ti\ccsv6\tools\compiler\c6000_7.4.14\lib\</path>
         <kind>archive</kind>
         <file>rts6740.lib</file>
         <name>memcpy64.obj</name>
      </input_file>
   </input_file_list>
   <object_component_list>
      <object_component id="oc-3c">
         <name>vectors</name>
         <load_address>0x11800000</load_address>
         <run_address>0x11800000</run_address>
         <size>0x200</size>
         <input_file_ref idref="fl-b"/>
      </object_component>
      <object_component id="oc-15">
         <name>.bss</name>
         <uninitialized>true</uninitialized>
         <run_address>0x11801bfc</run_address>
         <size>0x4</size>
         <input_file_ref idref="fl-3"/>
      </object_component>
      <object_component id="oc-23">
         <name>.bss</name>
         <uninitialized>true</uninitialized>
         <run_address>0x11801bf4</run_address>
         <size>0x8</size>
         <input_file_ref idref="fl-6"/>
      </object_component>
      <object_component id="oc-31">
         <name>.bss</name>
         <uninitialized>true</uninitialized>
         <run_address>0x11801be4</run_address>
         <size>0x10</size>
         <input_file_ref idref="fl-9"/>
      </object_component>
      <object_component id="oc-37">
         <name>.bss</name>
         <uninitialized>true</uninitialized>
         <run_address>0x11801c00</run_address>
         <size>0x4</size>
         <input_file_ref idref="fl-a"/>
      </object_component>
      <object_component id="oc-33">
         <name>.cinit</name>
         <load_address>0x11801b60</load_address>
         <run_address>0x11801b60</run_address>
         <size>0x2c</size>
         <input_file_ref idref="fl-9"/>
      </object_component>
      <object_component id="oc-48">
         <name>.cinit</name>
         <load_address>0x11801b90</load_address>
         <run_address>0x11801b90</run_address>
         <size>0x2c</size>
         <input_file_ref idref="fl-12"/>
      </object_component>
      <object_component id="oc-17">
         <name>.cinit</name>
         <load_address>0x11801bc0</load_address>
         <run_address>0x11801bc0</run_address>
         <size>0xc</size>
         <input_file_ref idref="fl-3"/>
      </object_component>
      <object_component id="oc-25">
         <name>.cinit</name>
         <load_address>0x11801bd0</load_address>
         <run_address>0x11801bd0</run_address>
         <size>0xc</size>
         <input_file_ref idref="fl-6"/>
      </object_component>
      <object_component id="oc-41">
         <name>.stack</name>
         <uninitialized>true</uninitialized>
         <run_address>0x11801760</run_address>
         <size>0x8</size>
         <input_file_ref idref="fl-10"/>
      </object_component>
      <object_component id="oc-7d">
         <name>.stack</name>
         <uninitialized>true</uninitialized>
         <run_address>0x11801760</run_address>
         <size>0x0</size>
      </object_component>
      <object_component id="oc-5e">
         <name>.text</name>
         <load_address>0x11800200</load_address>
         <run_address>0x11800200</run_address>
         <size>0xdc0</size>
         <input_file_ref idref="fl-3"/>
      </object_component>
      <object_component id="oc-11">
         <name>.text:retain</name>
         <load_address>0x11800fc0</load_address>
         <run_address>0x11800fc0</run_address>
         <size>0x280</size>
         <input_file_ref idref="fl-2"/>
      </object_component>
      <object_component id="oc-5b">
         <name>.text:__auto_init</name>
         <load_address>0x11801240</load_address>
         <run_address>0x11801240</run_address>
         <size>0xc0</size>
         <input_file_ref idref="fl-14"/>
      </object_component>
      <object_component id="oc-65">
         <name>.text:__divu</name>
         <load_address>0x11801300</load_address>
         <run_address>0x11801300</run_address>
         <size>0xc0</size>
         <input_file_ref idref="fl-11"/>
      </object_component>
      <object_component id="oc-5d">
         <name>.text:_exit</name>
         <load_address>0x118013c0</load_address>
         <run_address>0x118013c0</run_address>
         <size>0xc0</size>
         <input_file_ref idref="fl-12"/>
      </object_component>
      <object_component id="oc-5f">
         <name>.text:_copy_in</name>
         <load_address>0x11801480</load_address>
         <run_address>0x11801480</run_address>
         <size>0xa0</size>
         <input_file_ref idref="fl-16"/>
      </object_component>
      <object_component id="oc-60">
         <name>.text:_memcpy</name>
         <load_address>0x11801520</load_address>
         <run_address>0x11801520</run_address>
         <size>0xa0</size>
         <input_file_ref idref="fl-17"/>
      </object_component>
      <object_component id="oc-e">
         <name>.text:_c_int00</name>
         <load_address>0x118015c0</load_address>
         <run_address>0x118015c0</run_address>
         <size>0x80</size>
         <input_file_ref idref="fl-10"/>
      </object_component>
      <object_component id="oc-61">
         <name>.text:___TI_cpp_init</name>
         <load_address>0x11801640</load_address>
         <run_address>0x11801640</run_address>
         <size>0x60</size>
         <input_file_ref idref="fl-15"/>
      </object_component>
      <object_component id="oc-5c">
         <name>.text:__args_main</name>
         <load_address>0x118016a0</load_address>
         <run_address>0x118016a0</run_address>
         <size>0x40</size>
         <input_file_ref idref="fl-13"/>
      </object_component>
      <object_component id="oc-66">
         <name>.text</name>
         <load_address>0x118016e0</load_address>
         <run_address>0x118016e0</run_address>
         <size>0x20</size>
         <input_file_ref idref="fl-4"/>
      </object_component>
      <object_component id="oc-63">
         <name>.text:_abort</name>
         <load_address>0x11801700</load_address>
         <run_address>0x11801700</run_address>
         <size>0x20</size>
         <input_file_ref idref="fl-12"/>
      </object_component>
      <object_component id="oc-62">
         <name>.text</name>
         <load_address>0x11801720</load_address>
         <run_address>0x11801720</run_address>
         <size>0x20</size>
         <input_file_ref idref="fl-5"/>
      </object_component>
      <object_component id="oc-67">
         <name>.text</name>
         <load_address>0x11801740</load_address>
         <run_address>0x11801740</run_address>
         <size>0x20</size>
         <input_file_ref idref="fl-8"/>
      </object_component>
      <object_component id="oc-64">
         <name>.switch:_SetSampleRate_AIC3106</name>
         <load_address>0x11801c04</load_address>
         <run_address>0x11801c04</run_address>
         <size>0x18</size>
         <input_file_ref idref="fl-3"/>
      </object_component>
      <object_component id="oc-10">
         <name>.far</name>
         <uninitialized>true</uninitialized>
         <run_address>0x11801c28</run_address>
         <size>0x8</size>
         <input_file_ref idref="fl-2"/>
      </object_component>
      <object_component id="oc-49">
         <name>.far</name>
         <uninitialized>true</uninitialized>
         <run_address>0x11801c1c</run_address>
         <size>0xc</size>
         <input_file_ref idref="fl-12"/>
      </object_component>
      <object_component id="oc-f">
         <name>.debug_info</name>
         <load_address>0x0</load_address>
         <run_address>0x0</run_address>
         <size>0x7c5</size>
         <input_file_ref idref="fl-2"/>
      </object_component>
      <object_component id="oc-16">
         <name>.debug_info</name>
         <load_address>0x7c5</load_address>
         <run_address>0x7c5</run_address>
         <size>0x2b74</size>
         <input_file_ref idref="fl-3"/>
      </object_component>
      <object_component id="oc-1b">
         <name>.debug_info</name>
         <load_address>0x3339</load_address>
         <run_address>0x3339</run_address>
         <size>0x625</size>
         <input_file_ref idref="fl-4"/>
      </object_component>
      <object_component id="oc-1f">
         <name>.debug_info</name>
         <load_address>0x395e</load_address>
         <run_address>0x395e</run_address>
         <size>0x68d</size>
         <input_file_ref idref="fl-5"/>
      </object_component>
      <object_component id="oc-24">
         <name>.debug_info</name>
         <load_address>0x3feb</load_address>
         <run_address>0x3feb</run_address>
         <size>0x653</size>
         <input_file_ref idref="fl-6"/>
      </object_component>
      <object_component id="oc-29">
         <name>.debug_info</name>
         <load_address>0x463e</load_address>
         <run_address>0x463e</run_address>
         <size>0x676</size>
         <input_file_ref idref="fl-7"/>
      </object_component>
      <object_component id="oc-2d">
         <name>.debug_info</name>
         <load_address>0x4cb4</load_address>
         <run_address>0x4cb4</run_address>
         <size>0x689</size>
         <input_file_ref idref="fl-8"/>
      </object_component>
      <object_component id="oc-32">
         <name>.debug_info</name>
         <load_address>0x533d</load_address>
         <run_address>0x533d</run_address>
         <size>0x681</size>
         <input_file_ref idref="fl-9"/>
      </object_component>
      <object_component id="oc-38">
         <name>.debug_info</name>
         <load_address>0x59be</load_address>
         <run_address>0x59be</run_address>
         <size>0x638</size>
         <input_file_ref idref="fl-a"/>
      </object_component>
      <object_component id="oc-3d">
         <name>.debug_info</name>
         <load_address>0x5ff6</load_address>
         <run_address>0x5ff6</run_address>
         <size>0xdd</size>
         <input_file_ref idref="fl-b"/>
      </object_component>
      <object_component id="oc-40">
         <name>.debug_info</name>
         <load_address>0x60d3</load_address>
         <run_address>0x60d3</run_address>
         <size>0x6f3</size>
         <input_file_ref idref="fl-10"/>
      </object_component>
      <object_component id="oc-44">
         <name>.debug_info</name>
         <load_address>0x67c6</load_address>
         <run_address>0x67c6</run_address>
         <size>0xbc</size>
         <input_file_ref idref="fl-11"/>
      </object_component>
      <object_component id="oc-47">
         <name>.debug_info</name>
         <load_address>0x6882</load_address>
         <run_address>0x6882</run_address>
         <size>0x7c0</size>
         <input_file_ref idref="fl-12"/>
      </object_component>
      <object_component id="oc-4c">
         <name>.debug_info</name>
         <load_address>0x7042</load_address>
         <run_address>0x7042</run_address>
         <size>0x6c9</size>
         <input_file_ref idref="fl-13"/>
      </object_component>
      <object_component id="oc-4f">
         <name>.debug_info</name>
         <load_address>0x770b</load_address>
         <run_address>0x770b</run_address>
         <size>0x83f</size>
         <input_file_ref idref="fl-14"/>
      </object_component>
      <object_component id="oc-52">
         <name>.debug_info</name>
         <load_address>0x7f4a</load_address>
         <run_address>0x7f4a</run_address>
         <size>0x6b7</size>
         <input_file_ref idref="fl-15"/>
      </object_component>
      <object_component id="oc-55">
         <name>.debug_info</name>
         <load_address>0x8601</load_address>
         <run_address>0x8601</run_address>
         <size>0x7ad</size>
         <input_file_ref idref="fl-16"/>
      </object_component>
      <object_component id="oc-58">
         <name>.debug_info</name>
         <load_address>0x8dae</load_address>
         <run_address>0x8dae</run_address>
         <size>0xcb</size>
         <input_file_ref idref="fl-17"/>
      </object_component>
      <object_component id="oc-7e">
         <name>.debug_info</name>
         <load_address>0x8e79</load_address>
         <run_address>0x8e79</run_address>
         <size>0x6e</size>
      </object_component>
      <object_component id="oc-12">
         <name>.debug_frame</name>
         <load_address>0x0</load_address>
         <run_address>0x0</run_address>
         <size>0x37f</size>
         <input_file_ref idref="fl-2"/>
      </object_component>
      <object_component id="oc-18">
         <name>.debug_frame</name>
         <load_address>0x37f</load_address>
         <run_address>0x37f</run_address>
         <size>0x57a</size>
         <input_file_ref idref="fl-3"/>
      </object_component>
      <object_component id="oc-1c">
         <name>.debug_frame</name>
         <load_address>0x8f9</load_address>
         <run_address>0x8f9</run_address>
         <size>0x254</size>
         <input_file_ref idref="fl-4"/>
      </object_component>
      <object_component id="oc-20">
         <name>.debug_frame</name>
         <load_address>0xb4d</load_address>
         <run_address>0xb4d</run_address>
         <size>0x25d</size>
         <input_file_ref idref="fl-5"/>
      </object_component>
      <object_component id="oc-26">
         <name>.debug_frame</name>
         <load_address>0xdaa</load_address>
         <run_address>0xdaa</run_address>
         <size>0x23f</size>
         <input_file_ref idref="fl-6"/>
      </object_component>
      <object_component id="oc-2a">
         <name>.debug_frame</name>
         <load_address>0xfe9</load_address>
         <run_address>0xfe9</run_address>
         <size>0x23f</size>
         <input_file_ref idref="fl-7"/>
      </object_component>
      <object_component id="oc-2e">
         <name>.debug_frame</name>
         <load_address>0x1228</load_address>
         <run_address>0x1228</run_address>
         <size>0x254</size>
         <input_file_ref idref="fl-8"/>
      </object_component>
      <object_component id="oc-34">
         <name>.debug_frame</name>
         <load_address>0x147c</load_address>
         <run_address>0x147c</run_address>
         <size>0x23f</size>
         <input_file_ref idref="fl-9"/>
      </object_component>
      <object_component id="oc-39">
         <name>.debug_frame</name>
         <load_address>0x16bb</load_address>
         <run_address>0x16bb</run_address>
         <size>0x23f</size>
         <input_file_ref idref="fl-a"/>
      </object_component>
      <object_component id="oc-13">
         <name>.debug_line</name>
         <load_address>0x0</load_address>
         <run_address>0x0</run_address>
         <size>0x71</size>
         <input_file_ref idref="fl-2"/>
      </object_component>
      <object_component id="oc-19">
         <name>.debug_line</name>
         <load_address>0x71</load_address>
         <run_address>0x71</run_address>
         <size>0x64c</size>
         <input_file_ref idref="fl-3"/>
      </object_component>
      <object_component id="oc-1d">
         <name>.debug_line</name>
         <load_address>0x6bd</load_address>
         <run_address>0x6bd</run_address>
         <size>0x3b</size>
         <input_file_ref idref="fl-4"/>
      </object_component>
      <object_component id="oc-21">
         <name>.debug_line</name>
         <load_address>0x6f8</load_address>
         <run_address>0x6f8</run_address>
         <size>0x3f</size>
         <input_file_ref idref="fl-5"/>
      </object_component>
      <object_component id="oc-27">
         <name>.debug_line</name>
         <load_address>0x737</load_address>
         <run_address>0x737</run_address>
         <size>0x2b</size>
         <input_file_ref idref="fl-6"/>
      </object_component>
      <object_component id="oc-2b">
         <name>.debug_line</name>
         <load_address>0x762</load_address>
         <run_address>0x762</run_address>
         <size>0x2b</size>
         <input_file_ref idref="fl-7"/>
      </object_component>
      <object_component id="oc-2f">
         <name>.debug_line</name>
         <load_address>0x78d</load_address>
         <run_address>0x78d</run_address>
         <size>0x3e</size>
         <input_file_ref idref="fl-8"/>
      </object_component>
      <object_component id="oc-35">
         <name>.debug_line</name>
         <load_address>0x7cb</load_address>
         <run_address>0x7cb</run_address>
         <size>0x2b</size>
         <input_file_ref idref="fl-9"/>
      </object_component>
      <object_component id="oc-3a">
         <name>.debug_line</name>
         <load_address>0x7f6</load_address>
         <run_address>0x7f6</run_address>
         <size>0x2b</size>
         <input_file_ref idref="fl-a"/>
      </object_component>
      <object_component id="oc-3e">
         <name>.debug_line</name>
         <load_address>0x821</load_address>
         <run_address>0x821</run_address>
         <size>0xb9</size>
         <input_file_ref idref="fl-b"/>
      </object_component>
      <object_component id="oc-42">
         <name>.debug_line</name>
         <load_address>0x8da</load_address>
         <run_address>0x8da</run_address>
         <size>0x3d</size>
         <input_file_ref idref="fl-10"/>
      </object_component>
      <object_component id="oc-45">
         <name>.debug_line</name>
         <load_address>0x917</load_address>
         <run_address>0x917</run_address>
         <size>0x44</size>
         <input_file_ref idref="fl-11"/>
      </object_component>
      <object_component id="oc-4a">
         <name>.debug_line</name>
         <load_address>0x95b</load_address>
         <run_address>0x95b</run_address>
         <size>0x4f</size>
         <input_file_ref idref="fl-12"/>
      </object_component>
      <object_component id="oc-4d">
         <name>.debug_line</name>
         <load_address>0x9aa</load_address>
         <run_address>0x9aa</run_address>
         <size>0x3f</size>
         <input_file_ref idref="fl-13"/>
      </object_component>
      <object_component id="oc-50">
         <name>.debug_line</name>
         <load_address>0x9e9</load_address>
         <run_address>0x9e9</run_address>
         <size>0x49</size>
         <input_file_ref idref="fl-14"/>
      </object_component>
      <object_component id="oc-53">
         <name>.debug_line</name>
         <load_address>0xa32</load_address>
         <run_address>0xa32</run_address>
         <size>0x45</size>
         <input_file_ref idref="fl-15"/>
      </object_component>
      <object_component id="oc-56">
         <name>.debug_line</name>
         <load_address>0xa77</load_address>
         <run_address>0xa77</run_address>
         <size>0x44</size>
         <input_file_ref idref="fl-16"/>
      </object_component>
      <object_component id="oc-59">
         <name>.debug_line</name>
         <load_address>0xabb</load_address>
         <run_address>0xabb</run_address>
         <size>0x4a</size>
         <input_file_ref idref="fl-17"/>
      </object_component>
      <object_component id="oc-14">
         <name>.debug_abbrev</name>
         <load_address>0x0</load_address>
         <run_address>0x0</run_address>
         <size>0x108</size>
         <input_file_ref idref="fl-2"/>
      </object_component>
      <object_component id="oc-1a">
         <name>.debug_abbrev</name>
         <load_address>0x108</load_address>
         <run_address>0x108</run_address>
         <size>0x1a5</size>
         <input_file_ref idref="fl-3"/>
      </object_component>
      <object_component id="oc-1e">
         <name>.debug_abbrev</name>
         <load_address>0x2ad</load_address>
         <run_address>0x2ad</run_address>
         <size>0x69</size>
         <input_file_ref idref="fl-4"/>
      </object_component>
      <object_component id="oc-22">
         <name>.debug_abbrev</name>
         <load_address>0x316</load_address>
         <run_address>0x316</run_address>
         <size>0x97</size>
         <input_file_ref idref="fl-5"/>
      </object_component>
      <object_component id="oc-28">
         <name>.debug_abbrev</name>
         <load_address>0x3ad</load_address>
         <run_address>0x3ad</run_address>
         <size>0xb3</size>
         <input_file_ref idref="fl-6"/>
      </object_component>
      <object_component id="oc-2c">
         <name>.debug_abbrev</name>
         <load_address>0x460</load_address>
         <run_address>0x460</run_address>
         <size>0xe1</size>
         <input_file_ref idref="fl-7"/>
      </object_component>
      <object_component id="oc-30">
         <name>.debug_abbrev</name>
         <load_address>0x541</load_address>
         <run_address>0x541</run_address>
         <size>0x7c</size>
         <input_file_ref idref="fl-8"/>
      </object_component>
      <object_component id="oc-36">
         <name>.debug_abbrev</name>
         <load_address>0x5bd</load_address>
         <run_address>0x5bd</run_address>
         <size>0xb3</size>
         <input_file_ref idref="fl-9"/>
      </object_component>
      <object_component id="oc-3b">
         <name>.debug_abbrev</name>
         <load_address>0x670</load_address>
         <run_address>0x670</run_address>
         <size>0xb3</size>
         <input_file_ref idref="fl-a"/>
      </object_component>
      <object_component id="oc-3f">
         <name>.debug_abbrev</name>
         <load_address>0x723</load_address>
         <run_address>0x723</run_address>
         <size>0x21</size>
         <input_file_ref idref="fl-b"/>
      </object_component>
      <object_component id="oc-43">
         <name>.debug_abbrev</name>
         <load_address>0x744</load_address>
         <run_address>0x744</run_address>
         <size>0xfe</size>
         <input_file_ref idref="fl-10"/>
      </object_component>
      <object_component id="oc-46">
         <name>.debug_abbrev</name>
         <load_address>0x842</load_address>
         <run_address>0x842</run_address>
         <size>0x3b</size>
         <input_file_ref idref="fl-11"/>
      </object_component>
      <object_component id="oc-4b">
         <name>.debug_abbrev</name>
         <load_address>0x87d</load_address>
         <run_address>0x87d</run_address>
         <size>0x119</size>
         <input_file_ref idref="fl-12"/>
      </object_component>
      <object_component id="oc-4e">
         <name>.debug_abbrev</name>
         <load_address>0x996</load_address>
         <run_address>0x996</run_address>
         <size>0xe1</size>
         <input_file_ref idref="fl-13"/>
      </object_component>
      <object_component id="oc-51">
         <name>.debug_abbrev</name>
         <load_address>0xa77</load_address>
         <run_address>0xa77</run_address>
         <size>0x13f</size>
         <input_file_ref idref="fl-14"/>
      </object_component>
      <object_component id="oc-54">
         <name>.debug_abbrev</name>
         <load_address>0xbb6</load_address>
         <run_address>0xbb6</run_address>
         <size>0xdd</size>
         <input_file_ref idref="fl-15"/>
      </object_component>
      <object_component id="oc-57">
         <name>.debug_abbrev</name>
         <load_address>0xc93</load_address>
         <run_address>0xc93</run_address>
         <size>0x10c</size>
         <input_file_ref idref="fl-16"/>
      </object_component>
      <object_component id="oc-5a">
         <name>.debug_abbrev</name>
         <load_address>0xd9f</load_address>
         <run_address>0xd9f</run_address>
         <size>0x3b</size>
         <input_file_ref idref="fl-17"/>
      </object_component>
      <object_component id="oc-7f">
         <name>.debug_abbrev</name>
         <load_address>0xdda</load_address>
         <run_address>0xdda</run_address>
         <size>0xd</size>
      </object_component>
   </object_component_list>
   <logical_group_list>
      <logical_group id="lg-2">
         <name>vectors</name>
         <load_address>0x11800000</load_address>
         <run_address>0x11800000</run_address>
         <size>0x200</size>
         <contents>
            <object_component_ref idref="oc-3c"/>
         </contents>
      </logical_group>
      <logical_group id="lg-3">
         <name>.bss</name>
         <run_address>0x11801be4</run_address>
         <size>0x20</size>
         <contents>
            <object_component_ref idref="oc-15"/>
            <object_component_ref idref="oc-23"/>
            <object_component_ref idref="oc-31"/>
            <object_component_ref idref="oc-37"/>
         </contents>
      </logical_group>
      <logical_group id="lg-4">
         <name>.cinit</name>
         <load_address>0x11801b60</load_address>
         <run_address>0x11801b60</run_address>
         <size>0x84</size>
         <contents>
            <object_component_ref idref="oc-33"/>
            <object_component_ref idref="oc-48"/>
            <object_component_ref idref="oc-17"/>
            <object_component_ref idref="oc-25"/>
         </contents>
      </logical_group>
      <logical_group id="lg-5">
         <name>.cio</name>
         <run_address>0x0</run_address>
         <size>0x0</size>
         <contents>
         </contents>
      </logical_group>
      <logical_group id="lg-6">
         <name>.const</name>
         <run_address>0x0</run_address>
         <size>0x0</size>
         <contents>
         </contents>
      </logical_group>
      <logical_group id="lg-7">
         <name>.stack</name>
         <run_address>0x11801760</run_address>
         <size>0x400</size>
         <contents>
            <object_component_ref idref="oc-41"/>
            <object_component_ref idref="oc-7d"/>
         </contents>
      </logical_group>
      <logical_group id="lg-8">
         <name>.sysmem</name>
         <run_address>0x0</run_address>
         <size>0x0</size>
         <contents>
         </contents>
      </logical_group>
      <logical_group id="lg-9">
         <name>.text</name>
         <load_address>0x11800200</load_address>
         <run_address>0x11800200</run_address>
         <size>0x1560</size>
         <contents>
            <object_component_ref idref="oc-5e"/>
            <object_component_ref idref="oc-11"/>
            <object_component_ref idref="oc-5b"/>
            <object_component_ref idref="oc-65"/>
            <object_component_ref idref="oc-5d"/>
            <object_component_ref idref="oc-5f"/>
            <object_component_ref idref="oc-60"/>
            <object_component_ref idref="oc-e"/>
            <object_component_ref idref="oc-61"/>
            <object_component_ref idref="oc-5c"/>
            <object_component_ref idref="oc-66"/>
            <object_component_ref idref="oc-63"/>
            <object_component_ref idref="oc-62"/>
            <object_component_ref idref="oc-67"/>
         </contents>
      </logical_group>
      <logical_group id="lg-a">
         <name>.switch</name>
         <load_address>0x11801c04</load_address>
         <run_address>0x11801c04</run_address>
         <size>0x18</size>
         <contents>
            <object_component_ref idref="oc-64"/>
         </contents>
      </logical_group>
      <logical_group id="lg-b">
         <name>.far</name>
         <run_address>0x11801c1c</run_address>
         <size>0x14</size>
         <contents>
            <object_component_ref idref="oc-10"/>
            <object_component_ref idref="oc-49"/>
         </contents>
      </logical_group>
      <logical_group id="lg-c">
         <name>SHARED_SRAM</name>
         <run_address>0x0</run_address>
         <size>0x0</size>
         <contents>
         </contents>
      </logical_group>
      <logical_group id="lg-d">
         <name>CE0</name>
         <run_address>0x0</run_address>
         <size>0x0</size>
         <contents>
         </contents>
      </logical_group>
      <logical_group id="lg-74">
         <name>.debug_info</name>
         <load_address>0x0</load_address>
         <run_address>0x0</run_address>
         <size>0x8ee7</size>
         <contents>
            <object_component_ref idref="oc-f"/>
            <object_component_ref idref="oc-16"/>
            <object_component_ref idref="oc-1b"/>
            <object_component_ref idref="oc-1f"/>
            <object_component_ref idref="oc-24"/>
            <object_component_ref idref="oc-29"/>
            <object_component_ref idref="oc-2d"/>
            <object_component_ref idref="oc-32"/>
            <object_component_ref idref="oc-38"/>
            <object_component_ref idref="oc-3d"/>
            <object_component_ref idref="oc-40"/>
            <object_component_ref idref="oc-44"/>
            <object_component_ref idref="oc-47"/>
            <object_component_ref idref="oc-4c"/>
            <object_component_ref idref="oc-4f"/>
            <object_component_ref idref="oc-52"/>
            <object_component_ref idref="oc-55"/>
            <object_component_ref idref="oc-58"/>
            <object_component_ref idref="oc-7e"/>
         </contents>
      </logical_group>
      <logical_group id="lg-76">
         <name>.debug_frame</name>
         <load_address>0x0</load_address>
         <run_address>0x0</run_address>
         <size>0x18fa</size>
         <contents>
            <object_component_ref idref="oc-12"/>
            <object_component_ref idref="oc-18"/>
            <object_component_ref idref="oc-1c"/>
            <object_component_ref idref="oc-20"/>
            <object_component_ref idref="oc-26"/>
            <object_component_ref idref="oc-2a"/>
            <object_component_ref idref="oc-2e"/>
            <object_component_ref idref="oc-34"/>
            <object_component_ref idref="oc-39"/>
         </contents>
      </logical_group>
      <logical_group id="lg-78">
         <name>.debug_line</name>
         <load_address>0x0</load_address>
         <run_address>0x0</run_address>
         <size>0xb05</size>
         <contents>
            <object_component_ref idref="oc-13"/>
            <object_component_ref idref="oc-19"/>
            <object_component_ref idref="oc-1d"/>
            <object_component_ref idref="oc-21"/>
            <object_component_ref idref="oc-27"/>
            <object_component_ref idref="oc-2b"/>
            <object_component_ref idref="oc-2f"/>
            <object_component_ref idref="oc-35"/>
            <object_component_ref idref="oc-3a"/>
            <object_component_ref idref="oc-3e"/>
            <object_component_ref idref="oc-42"/>
            <object_component_ref idref="oc-45"/>
            <object_component_ref idref="oc-4a"/>
            <object_component_ref idref="oc-4d"/>
            <object_component_ref idref="oc-50"/>
            <object_component_ref idref="oc-53"/>
            <object_component_ref idref="oc-56"/>
            <object_component_ref idref="oc-59"/>
         </contents>
      </logical_group>
      <logical_group id="lg-7a">
         <name>.debug_abbrev</name>
         <load_address>0x0</load_address>
         <run_address>0x0</run_address>
         <size>0xde7</size>
         <contents>
            <object_component_ref idref="oc-14"/>
            <object_component_ref idref="oc-1a"/>
            <object_component_ref idref="oc-1e"/>
            <object_component_ref idref="oc-22"/>
            <object_component_ref idref="oc-28"/>
            <object_component_ref idref="oc-2c"/>
            <object_component_ref idref="oc-30"/>
            <object_component_ref idref="oc-36"/>
            <object_component_ref idref="oc-3b"/>
            <object_component_ref idref="oc-3f"/>
            <object_component_ref idref="oc-43"/>
            <object_component_ref idref="oc-46"/>
            <object_component_ref idref="oc-4b"/>
            <object_component_ref idref="oc-4e"/>
            <object_component_ref idref="oc-51"/>
            <object_component_ref idref="oc-54"/>
            <object_component_ref idref="oc-57"/>
            <object_component_ref idref="oc-5a"/>
            <object_component_ref idref="oc-7f"/>
         </contents>
      </logical_group>
   </logical_group_list>
   <placement_map>
      <memory_area>
         <name>VECTORS</name>
         <page_id>0x0</page_id>
         <origin>0x11800000</origin>
         <length>0x200</length>
         <used_space>0x200</used_space>
         <unused_space>0x0</unused_space>
         <attributes>RWIX</attributes>
         <usage_details>
            <allocated_space>
               <start_address>0x11800000</start_address>
               <size>0x200</size>
               <logical_group_ref idref="lg-2"/>
            </allocated_space>
         </usage_details>
      </memory_area>
      <memory_area>
         <name>DSPRAM</name>
         <page_id>0x0</page_id>
         <origin>0x11800200</origin>
         <length>0x3fe00</length>
         <used_space>0x1a30</used_space>
         <unused_space>0x3e3d0</unused_space>
         <attributes>RWIX</attributes>
         <usage_details>
            <allocated_space>
               <start_address>0x11800200</start_address>
               <size>0x1560</size>
               <logical_group_ref idref="lg-9"/>
            </allocated_space>
            <allocated_space>
               <start_address>0x11801760</start_address>
               <size>0x400</size>
               <logical_group_ref idref="lg-7"/>
            </allocated_space>
            <allocated_space>
               <start_address>0x11801b60</start_address>
               <size>0x84</size>
               <logical_group_ref idref="lg-4"/>
            </allocated_space>
            <allocated_space>
               <start_address>0x11801be4</start_address>
               <size>0x20</size>
               <logical_group_ref idref="lg-3"/>
            </allocated_space>
            <allocated_space>
               <start_address>0x11801c04</start_address>
               <size>0x18</size>
               <logical_group_ref idref="lg-a"/>
            </allocated_space>
            <allocated_space>
               <start_address>0x11801c1c</start_address>
               <size>0x14</size>
               <logical_group_ref idref="lg-b"/>
            </allocated_space>
            <available_space>
               <start_address>0x11801c30</start_address>
               <size>0x3e3d0</size>
            </available_space>
         </usage_details>
      </memory_area>
      <memory_area>
         <name>SHAREDRAM</name>
         <page_id>0x0</page_id>
         <origin>0x80000000</origin>
         <length>0x20000</length>
         <used_space>0x0</used_space>
         <unused_space>0x20000</unused_space>
         <attributes>RWIX</attributes>
         <usage_details>
         </usage_details>
      </memory_area>
      <memory_area>
         <name>SDRAM</name>
         <page_id>0x0</page_id>
         <origin>0xc0000000</origin>
         <length>0x8000000</length>
         <used_space>0x0</used_space>
         <unused_space>0x8000000</unused_space>
         <attributes>RWIX</attributes>
         <usage_details>
         </usage_details>
      </memory_area>
   </placement_map>
   <symbol_table>
      <symbol id="sm-0">
         <name>cinit</name>
         <value>0x11801b60</value>
      </symbol>
      <symbol id="sm-1">
         <name>___cinit__</name>
         <value>0x11801b60</value>
      </symbol>
      <symbol id="sm-2">
         <name>pinit</name>
         <value>0xffffffff</value>
      </symbol>
      <symbol id="sm-3">
         <name>___pinit__</name>
         <value>0xffffffff</value>
      </symbol>
      <symbol id="sm-4">
         <name>binit</name>
         <value>0xffffffff</value>
      </symbol>
      <symbol id="sm-5">
         <name>___binit__</name>
         <value>0xffffffff</value>
      </symbol>
      <symbol id="sm-6">
         <name>__STACK_SIZE</name>
         <value>0x400</value>
      </symbol>
      <symbol id="sm-7">
         <name>__STACK_END</name>
         <value>0x11801b60</value>
      </symbol>
      <symbol id="sm-8">
         <name>___c_args__</name>
         <value>0xffffffff</value>
      </symbol>
      <symbol id="sm-9">
         <name>.text</name>
         <value>0x11800200</value>
      </symbol>
      <symbol id="sm-a">
         <name>___text__</name>
         <value>0x11800200</value>
      </symbol>
      <symbol id="sm-b">
         <name>etext</name>
         <value>0x11801760</value>
      </symbol>
      <symbol id="sm-c">
         <name>___etext__</name>
         <value>0x11801760</value>
      </symbol>
      <symbol id="sm-d">
         <name>.bss</name>
         <value>0x11801be4</value>
      </symbol>
      <symbol id="sm-e">
         <name>___bss__</name>
         <value>0x11801be4</value>
      </symbol>
      <symbol id="sm-f">
         <name>end</name>
         <value>0x11801c04</value>
      </symbol>
      <symbol id="sm-10">
         <name>___end__</name>
         <value>0x11801c04</value>
      </symbol>
      <symbol id="sm-11">
         <name>___TI_pprof_out_hndl</name>
         <value>0xffffffff</value>
      </symbol>
      <symbol id="sm-12">
         <name>___TI_prof_data_start</name>
         <value>0xffffffff</value>
      </symbol>
      <symbol id="sm-13">
         <name>___TI_prof_data_size</name>
         <value>0xffffffff</value>
      </symbol>
      <symbol id="sm-14">
         <name>$bss</name>
         <value>0x11801be4</value>
      </symbol>
      <symbol id="sm-4a">
         <name>_Codec_ISR</name>
         <value>0x11800fc0</value>
         <object_component_ref idref="oc-11"/>
      </symbol>
      <symbol id="sm-4b">
         <name>_CodecDataIn</name>
         <value>0x11801c28</value>
         <object_component_ref idref="oc-10"/>
      </symbol>
      <symbol id="sm-4c">
         <name>_CodecDataOut</name>
         <value>0x11801c2c</value>
         <object_component_ref idref="oc-10"/>
      </symbol>
      <symbol id="sm-114">
         <name>_CheckForOverrun</name>
         <value>0x11800674</value>
         <object_component_ref idref="oc-5e"/>
      </symbol>
      <symbol id="sm-115">
         <name>_Reset_I2C</name>
         <value>0x11800528</value>
         <object_component_ref idref="oc-5e"/>
      </symbol>
      <symbol id="sm-116">
         <name>_Init_McASP0</name>
         <value>0x11800a98</value>
         <object_component_ref idref="oc-5e"/>
      </symbol>
      <symbol id="sm-117">
         <name>_SetSampleRate_AIC3106</name>
         <value>0x11800950</value>
         <object_component_ref idref="oc-5e"/>
      </symbol>
      <symbol id="sm-118">
         <name>_Read_UART2</name>
         <value>0x11800f48</value>
         <object_component_ref idref="oc-5e"/>
      </symbol>
      <symbol id="sm-119">
         <name>_Puts_UART2</name>
         <value>0x11800f08</value>
         <object_component_ref idref="oc-5e"/>
      </symbol>
      <symbol id="sm-11a">
         <name>_Init_AIC3106</name>
         <value>0x118006a4</value>
         <object_component_ref idref="oc-5e"/>
      </symbol>
      <symbol id="sm-11b">
         <name>_WriteDigitalOutputs</name>
         <value>0x118003b0</value>
         <object_component_ref idref="oc-5e"/>
      </symbol>
      <symbol id="sm-11c">
         <name>_wait</name>
         <value>0x11800498</value>
         <object_component_ref idref="oc-5e"/>
      </symbol>
      <symbol id="sm-11d">
         <name>_Init_UART2</name>
         <value>0x11800e28</value>
         <object_component_ref idref="oc-5e"/>
      </symbol>
      <symbol id="sm-11e">
         <name>_Reset_AIC3106</name>
         <value>0x11800928</value>
         <object_component_ref idref="oc-5e"/>
      </symbol>
      <symbol id="sm-11f">
         <name>_DSP_Init</name>
         <value>0x11800208</value>
         <object_component_ref idref="oc-5e"/>
      </symbol>
      <symbol id="sm-120">
         <name>_IsDataReady_UART2</name>
         <value>0x11800f68</value>
         <object_component_ref idref="oc-5e"/>
      </symbol>
      <symbol id="sm-121">
         <name>_IsTxReady_UART2</name>
         <value>0x11800f8c</value>
         <object_component_ref idref="oc-5e"/>
      </symbol>
      <symbol id="sm-122">
         <name>_Init_Interrupts_EDMA</name>
         <value>0x11800448</value>
         <object_component_ref idref="oc-5e"/>
      </symbol>
      <symbol id="sm-123">
         <name>_AIC3106_write_reg</name>
         <value>0x118008ec</value>
         <object_component_ref idref="oc-5e"/>
      </symbol>
      <symbol id="sm-124">
         <name>_WriteLEDs</name>
         <value>0x118002a8</value>
         <object_component_ref idref="oc-5e"/>
      </symbol>
      <symbol id="sm-125">
         <name>_Init_I2C</name>
         <value>0x118004cc</value>
         <object_component_ref idref="oc-5e"/>
      </symbol>
      <symbol id="sm-126">
         <name>_InitDigitalOutputs</name>
         <value>0x118003a4</value>
         <object_component_ref idref="oc-5e"/>
      </symbol>
      <symbol id="sm-127">
         <name>_InitLEDs</name>
         <value>0x11800248</value>
         <object_component_ref idref="oc-5e"/>
      </symbol>
      <symbol id="sm-128">
         <name>_WriteCodecData</name>
         <value>0x11800650</value>
         <object_component_ref idref="oc-5e"/>
      </symbol>
      <symbol id="sm-129">
         <name>_ReadSwitches</name>
         <value>0x1180038c</value>
         <object_component_ref idref="oc-5e"/>
      </symbol>
      <symbol id="sm-12a">
         <name>_DSP_Init_EDMA</name>
         <value>0x11800228</value>
         <object_component_ref idref="oc-5e"/>
      </symbol>
      <symbol id="sm-12b">
         <name>_Write_I2C</name>
         <value>0x11800548</value>
         <object_component_ref idref="oc-5e"/>
      </symbol>
      <symbol id="sm-12c">
         <name>_Write_UART2</name>
         <value>0x11800ee0</value>
         <object_component_ref idref="oc-5e"/>
      </symbol>
      <symbol id="sm-12d">
         <name>_ReadCodecData</name>
         <value>0x1180062c</value>
         <object_component_ref idref="oc-5e"/>
      </symbol>
      <symbol id="sm-12e">
         <name>_EnableInterrupts</name>
         <value>0x1180040c</value>
         <object_component_ref idref="oc-5e"/>
      </symbol>
      <symbol id="sm-12f">
         <name>_Init_Interrupts</name>
         <value>0x118003c8</value>
         <object_component_ref idref="oc-5e"/>
      </symbol>
      <symbol id="sm-130">
         <name>_GetSampleFreq</name>
         <value>0x11800200</value>
         <object_component_ref idref="oc-5e"/>
      </symbol>
      <symbol id="sm-131">
         <name>_EnableInterrupts_EDMA</name>
         <value>0x11800458</value>
         <object_component_ref idref="oc-5e"/>
      </symbol>
      <symbol id="sm-139">
         <name>_StartUp</name>
         <value>0x118016e0</value>
         <object_component_ref idref="oc-66"/>
      </symbol>
      <symbol id="sm-146">
         <name>_main</name>
         <value>0x11801720</value>
         <object_component_ref idref="oc-62"/>
      </symbol>
      <symbol id="sm-152">
         <name>_volume</name>
         <value>0x11801bf4</value>
         <object_component_ref idref="oc-23"/>
      </symbol>
      <symbol id="sm-153">
         <name>_GUI_out1</name>
         <value>0x11801bf8</value>
         <object_component_ref idref="oc-23"/>
      </symbol>
      <symbol id="sm-167">
         <name>_problem3</name>
         <value>0x11801740</value>
         <object_component_ref idref="oc-67"/>
      </symbol>
      <symbol id="sm-173">
         <name>_gamma</name>
         <value>0x11801bec</value>
         <object_component_ref idref="oc-31"/>
      </symbol>
      <symbol id="sm-174">
         <name>_alpha</name>
         <value>0x11801be4</value>
         <object_component_ref idref="oc-31"/>
      </symbol>
      <symbol id="sm-175">
         <name>_beta</name>
         <value>0x11801be8</value>
         <object_component_ref idref="oc-31"/>
      </symbol>
      <symbol id="sm-176">
         <name>_GUI_out4</name>
         <value>0x11801bf0</value>
         <object_component_ref idref="oc-31"/>
      </symbol>
      <symbol id="sm-180">
         <name>_GUI_out5</name>
         <value>0x11801c00</value>
         <object_component_ref idref="oc-37"/>
      </symbol>
      <symbol id="sm-1a6">
         <name>_c_int00</name>
         <value>0x118015c0</value>
         <object_component_ref idref="oc-e"/>
      </symbol>
      <symbol id="sm-1a7">
         <name>__stack</name>
         <value>0x11801760</value>
         <object_component_ref idref="oc-41"/>
      </symbol>
      <symbol id="sm-1b0">
         <name>__c6xabi_divu</name>
         <value>0x11801300</value>
         <object_component_ref idref="oc-65"/>
      </symbol>
      <symbol id="sm-1b1">
         <name>__divu</name>
         <value>0x11801300</value>
         <object_component_ref idref="oc-65"/>
      </symbol>
      <symbol id="sm-1c8">
         <name>C$$EXIT</name>
         <value>0x11801700</value>
         <object_component_ref idref="oc-63"/>
      </symbol>
      <symbol id="sm-1c9">
         <name>_exit</name>
         <value>0x118013c0</value>
         <object_component_ref idref="oc-5d"/>
      </symbol>
      <symbol id="sm-1ca">
         <name>___TI_enable_exit_profile_output</name>
         <value>0x11801c24</value>
         <object_component_ref idref="oc-49"/>
      </symbol>
      <symbol id="sm-1cb">
         <name>_abort</name>
         <value>0x11801700</value>
         <object_component_ref idref="oc-63"/>
      </symbol>
      <symbol id="sm-1cc">
         <name>__cleanup_ptr</name>
         <value>0x11801c1c</value>
         <object_component_ref idref="oc-49"/>
      </symbol>
      <symbol id="sm-1cd">
         <name>__dtors_ptr</name>
         <value>0x11801c20</value>
         <object_component_ref idref="oc-49"/>
      </symbol>
      <symbol id="sm-1d7">
         <name>__args_main</name>
         <value>0x118016a0</value>
         <object_component_ref idref="oc-5c"/>
      </symbol>
      <symbol id="sm-1d8">
         <name>__TI_args_main</name>
         <value>0x1</value>
      </symbol>
      <symbol id="sm-1e7">
         <name>__auto_init</name>
         <value>0x11801240</value>
         <object_component_ref idref="oc-5b"/>
      </symbol>
      <symbol id="sm-1f4">
         <name>___TI_cpp_init</name>
         <value>0x11801640</value>
         <object_component_ref idref="oc-61"/>
      </symbol>
      <symbol id="sm-202">
         <name>_copy_in</name>
         <value>0x11801480</value>
         <object_component_ref idref="oc-5f"/>
      </symbol>
      <symbol id="sm-20a">
         <name>_memcpy</name>
         <value>0x11801520</value>
         <object_component_ref idref="oc-60"/>
      </symbol>
   </symbol_table>
</link_info>
